08-02 01:00:00.150 I/AnebProbe( 5939): ADAPTER_EVT type=content cls=android.widget.TextView desc=null txt_len=42 pkg=com.larus.nova t_boot_ns=8000150000000
08-02 01:00:00.150 I/AnebProbe( 5939): ADAPTER_EVT type=content cls=X desc=null txt_len=3 pkg=com.android.launcher t_boot_ns=8000150000001
08-02 01:00:00.150 I/AnebProbe( 5939): ADAPTER_EVT type=click cls=Y desc=null txt_len=0 pkg=com.larus.nova
08-02 01:00:00.175 I/AnebProbe( 5939): ADAPTER_EVT type=content cls=android.widget.TextView desc=null txt_len=42 pkg=com.larus.nova t_boot_ns=8000175000000
08-02 01:00:00.205 I/AnebProbe( 5939): ADAPTER_EVT type=content cls=android.widget.TextView desc=null txt_len=42 pkg=com.larus.nova t_boot_ns=8000205000000
08-02 01:00:02.105 I/AnebProbe( 5939): ADAPTER_EVT type=content cls=android.widget.TextView desc=null txt_len=42 pkg=com.larus.nova t_boot_ns=8002105000000
08-02 01:00:02.165 I/AnebProbe( 5939): ADAPTER_EVT type=content cls=android.widget.TextView desc=null txt_len=42 pkg=com.larus.nova t_boot_ns=8002165000000
08-02 01:00:02.255 I/AnebProbe( 5939): ADAPTER_EVT type=content cls=android.widget.TextView desc=null txt_len=42 pkg=com.larus.nova t_boot_ns=8002255000000
08-02 01:00:02.405 I/AnebProbe( 5939): ADAPTER_EVT type=content cls=android.widget.TextView desc=null txt_len=42 pkg=com.larus.nova t_boot_ns=8002405000000
08-02 01:00:02.805 I/AnebProbe( 5939): ADAPTER_EVT type=content cls=android.widget.TextView desc=null txt_len=42 pkg=com.larus.nova t_boot_ns=8002805000000
08-02 01:00:03.905 I/AnebProbe( 5939): ADAPTER_EVT type=content cls=android.widget.TextView desc=null txt_len=42 pkg=com.larus.nova t_boot_ns=8003905000000
08-02 01:00:06.505 I/AnebProbe( 5939): ADAPTER_EVT type=content cls=android.widget.TextView desc=null txt_len=42 pkg=com.larus.nova t_boot_ns=8006505000000
08-02 01:00:10.705 I/AnebProbe( 5939): ADAPTER_EVT type=content cls=android.widget.TextView desc=null txt_len=42 pkg=com.larus.nova t_boot_ns=8010705000000
08-02 01:00:10.765 I/AnebProbe( 5939): ADAPTER_EVT type=content cls=android.widget.TextView desc=null txt_len=42 pkg=com.larus.nova t_boot_ns=8010765000000
08-02 01:00:10.855 I/AnebProbe( 5939): ADAPTER_EVT type=content cls=android.widget.TextView desc=null txt_len=42 pkg=com.larus.nova t_boot_ns=8010855000000
08-02 01:00:11.005 I/AnebProbe( 5939): ADAPTER_EVT type=content cls=android.widget.TextView desc=null txt_len=42 pkg=com.larus.nova t_boot_ns=8011005000000
08-02 01:00:11.405 I/AnebProbe( 5939): ADAPTER_EVT type=content cls=android.widget.TextView desc=null txt_len=42 pkg=com.larus.nova t_boot_ns=8011405000000
08-02 01:00:12.505 I/AnebProbe( 5939): ADAPTER_EVT type=content cls=android.widget.TextView desc=null txt_len=42 pkg=com.larus.nova t_boot_ns=8012505000000
08-02 01:00:15.105 I/AnebProbe( 5939): ADAPTER_EVT type=content cls=android.widget.TextView desc=null txt_len=42 pkg=com.larus.nova t_boot_ns=8015105000000
08-02 01:00:19.305 I/AnebProbe( 5939): ADAPTER_EVT type=content cls=android.widget.TextView desc=null txt_len=42 pkg=com.larus.nova t_boot_ns=8019305000000
08-02 01:00:19.365 I/AnebProbe( 5939): ADAPTER_EVT type=content cls=android.widget.TextView desc=null txt_len=42 pkg=com.larus.nova t_boot_ns=8019365000000
08-02 01:00:19.455 I/AnebProbe( 5939): ADAPTER_EVT type=content cls=android.widget.TextView desc=null txt_len=42 pkg=com.larus.nova t_boot_ns=8019455000000
08-02 01:00:19.605 I/AnebProbe( 5939): ADAPTER_EVT type=content cls=android.widget.TextView desc=null txt_len=42 pkg=com.larus.nova t_boot_ns=8019605000000
08-02 01:00:20.005 I/AnebProbe( 5939): ADAPTER_EVT type=content cls=android.widget.TextView desc=null txt_len=42 pkg=com.larus.nova t_boot_ns=8020005000000
08-02 01:00:21.105 I/AnebProbe( 5939): ADAPTER_EVT type=content cls=android.widget.TextView desc=null txt_len=42 pkg=com.larus.nova t_boot_ns=8021105000000
08-02 01:00:23.705 I/AnebProbe( 5939): ADAPTER_EVT type=content cls=android.widget.TextView desc=null txt_len=42 pkg=com.larus.nova t_boot_ns=8023705000000
08-02 01:00:27.905 I/AnebProbe( 5939): ADAPTER_EVT type=content cls=android.widget.TextView desc=null txt_len=42 pkg=com.larus.nova t_boot_ns=8027905000000
08-02 01:00:27.965 I/AnebProbe( 5939): ADAPTER_EVT type=content cls=android.widget.TextView desc=null txt_len=42 pkg=com.larus.nova t_boot_ns=8027965000000
08-02 01:00:28.055 I/AnebProbe( 5939): ADAPTER_EVT type=content cls=android.widget.TextView desc=null txt_len=42 pkg=com.larus.nova t_boot_ns=8028055000000
08-02 01:00:28.205 I/AnebProbe( 5939): ADAPTER_EVT type=content cls=android.widget.TextView desc=null txt_len=42 pkg=com.larus.nova t_boot_ns=8028205000000
08-02 01:00:28.605 I/AnebProbe( 5939): ADAPTER_EVT type=content cls=android.widget.TextView desc=null txt_len=42 pkg=com.larus.nova t_boot_ns=8028605000000
08-02 01:00:29.705 I/AnebProbe( 5939): ADAPTER_EVT type=content cls=android.widget.TextView desc=null txt_len=42 pkg=com.larus.nova t_boot_ns=8029705000000
08-02 01:00:32.305 I/AnebProbe( 5939): ADAPTER_EVT type=content cls=android.widget.TextView desc=null txt_len=42 pkg=com.larus.nova t_boot_ns=8032305000000
08-02 01:00:36.505 I/AnebProbe( 5939): ADAPTER_EVT type=content cls=android.widget.TextView desc=null txt_len=42 pkg=com.larus.nova t_boot_ns=8036505000000
08-02 01:00:36.565 I/AnebProbe( 5939): ADAPTER_EVT type=content cls=android.widget.TextView desc=null txt_len=42 pkg=com.larus.nova t_boot_ns=8036565000000
08-02 01:00:40.765 I/AnebProbe( 5939): ADAPTER_EVT type=content cls=android.widget.TextView desc=null txt_len=42 pkg=com.larus.nova t_boot_ns=8040765000000
08-02 01:00:41.115 I/AnebE4MARK( 6001): E4MARK kind=answer_complete n=1
08-02 01:00:42.715 I/AnebProbe( 5939): ADAPTER_EVT type=content cls=android.widget.TextView desc=null txt_len=42 pkg=com.larus.nova t_boot_ns=8042715000000
08-02 01:00:42.740 I/AnebProbe( 5939): ADAPTER_EVT type=content cls=android.widget.TextView desc=null txt_len=42 pkg=com.larus.nova t_boot_ns=8042740000000
08-02 01:00:42.770 I/AnebProbe( 5939): ADAPTER_EVT type=content cls=android.widget.TextView desc=null txt_len=42 pkg=com.larus.nova t_boot_ns=8042770000000
08-02 01:00:44.670 I/AnebProbe( 5939): ADAPTER_EVT type=content cls=android.widget.TextView desc=null txt_len=42 pkg=com.larus.nova t_boot_ns=8044670000000
08-02 01:00:44.760 I/AnebProbe( 5939): ADAPTER_EVT type=content cls=android.widget.TextView desc=null txt_len=42 pkg=com.larus.nova t_boot_ns=8044760000000
08-02 01:00:44.910 I/AnebProbe( 5939): ADAPTER_EVT type=content cls=android.widget.TextView desc=null txt_len=42 pkg=com.larus.nova t_boot_ns=8044910000000
08-02 01:00:45.310 I/AnebProbe( 5939): ADAPTER_EVT type=content cls=android.widget.TextView desc=null txt_len=42 pkg=com.larus.nova t_boot_ns=8045310000000
08-02 01:00:46.410 I/AnebProbe( 5939): ADAPTER_EVT type=content cls=android.widget.TextView desc=null txt_len=42 pkg=com.larus.nova t_boot_ns=8046410000000
08-02 01:00:49.010 I/AnebProbe( 5939): ADAPTER_EVT type=content cls=android.widget.TextView desc=null txt_len=42 pkg=com.larus.nova t_boot_ns=8049010000000
08-02 01:00:53.210 I/AnebProbe( 5939): ADAPTER_EVT type=content cls=android.widget.TextView desc=null txt_len=42 pkg=com.larus.nova t_boot_ns=8053210000000
08-02 01:00:53.270 I/AnebProbe( 5939): ADAPTER_EVT type=content cls=android.widget.TextView desc=null txt_len=42 pkg=com.larus.nova t_boot_ns=8053270000000
08-02 01:00:53.360 I/AnebProbe( 5939): ADAPTER_EVT type=content cls=android.widget.TextView desc=null txt_len=42 pkg=com.larus.nova t_boot_ns=8053360000000
08-02 01:00:53.510 I/AnebProbe( 5939): ADAPTER_EVT type=content cls=android.widget.TextView desc=null txt_len=42 pkg=com.larus.nova t_boot_ns=8053510000000
08-02 01:00:53.910 I/AnebProbe( 5939): ADAPTER_EVT type=content cls=android.widget.TextView desc=null txt_len=42 pkg=com.larus.nova t_boot_ns=8053910000000
08-02 01:00:55.010 I/AnebProbe( 5939): ADAPTER_EVT type=content cls=android.widget.TextView desc=null txt_len=42 pkg=com.larus.nova t_boot_ns=8055010000000
08-02 01:00:57.610 I/AnebProbe( 5939): ADAPTER_EVT type=content cls=android.widget.TextView desc=null txt_len=42 pkg=com.larus.nova t_boot_ns=8057610000000
08-02 01:01:01.810 I/AnebProbe( 5939): ADAPTER_EVT type=content cls=android.widget.TextView desc=null txt_len=42 pkg=com.larus.nova t_boot_ns=8061810000000
08-02 01:01:01.870 I/AnebProbe( 5939): ADAPTER_EVT type=content cls=android.widget.TextView desc=null txt_len=42 pkg=com.larus.nova t_boot_ns=8061870000000
08-02 01:01:01.960 I/AnebProbe( 5939): ADAPTER_EVT type=content cls=android.widget.TextView desc=null txt_len=42 pkg=com.larus.nova t_boot_ns=8061960000000
08-02 01:01:02.110 I/AnebProbe( 5939): ADAPTER_EVT type=content cls=android.widget.TextView desc=null txt_len=42 pkg=com.larus.nova t_boot_ns=8062110000000
08-02 01:01:02.510 I/AnebProbe( 5939): ADAPTER_EVT type=content cls=android.widget.TextView desc=null txt_len=42 pkg=com.larus.nova t_boot_ns=8062510000000
08-02 01:01:03.610 I/AnebProbe( 5939): ADAPTER_EVT type=content cls=android.widget.TextView desc=null txt_len=42 pkg=com.larus.nova t_boot_ns=8063610000000
08-02 01:01:06.210 I/AnebProbe( 5939): ADAPTER_EVT type=content cls=android.widget.TextView desc=null txt_len=42 pkg=com.larus.nova t_boot_ns=8066210000000
08-02 01:01:10.410 I/AnebProbe( 5939): ADAPTER_EVT type=content cls=android.widget.TextView desc=null txt_len=42 pkg=com.larus.nova t_boot_ns=8070410000000
08-02 01:01:10.470 I/AnebProbe( 5939): ADAPTER_EVT type=content cls=android.widget.TextView desc=null txt_len=42 pkg=com.larus.nova t_boot_ns=8070470000000
08-02 01:01:10.560 I/AnebProbe( 5939): ADAPTER_EVT type=content cls=android.widget.TextView desc=null txt_len=42 pkg=com.larus.nova t_boot_ns=8070560000000
08-02 01:01:10.710 I/AnebProbe( 5939): ADAPTER_EVT type=content cls=android.widget.TextView desc=null txt_len=42 pkg=com.larus.nova t_boot_ns=8070710000000
08-02 01:01:11.110 I/AnebProbe( 5939): ADAPTER_EVT type=content cls=android.widget.TextView desc=null txt_len=42 pkg=com.larus.nova t_boot_ns=8071110000000
08-02 01:01:12.210 I/AnebProbe( 5939): ADAPTER_EVT type=content cls=android.widget.TextView desc=null txt_len=42 pkg=com.larus.nova t_boot_ns=8072210000000
08-02 01:01:14.810 I/AnebProbe( 5939): ADAPTER_EVT type=content cls=android.widget.TextView desc=null txt_len=42 pkg=com.larus.nova t_boot_ns=8074810000000
08-02 01:01:19.010 I/AnebProbe( 5939): ADAPTER_EVT type=content cls=android.widget.TextView desc=null txt_len=42 pkg=com.larus.nova t_boot_ns=8079010000000
08-02 01:01:19.070 I/AnebProbe( 5939): ADAPTER_EVT type=content cls=android.widget.TextView desc=null txt_len=42 pkg=com.larus.nova t_boot_ns=8079070000000
08-02 01:01:19.160 I/AnebProbe( 5939): ADAPTER_EVT type=content cls=android.widget.TextView desc=null txt_len=42 pkg=com.larus.nova t_boot_ns=8079160000000
08-02 01:01:23.360 I/AnebProbe( 5939): ADAPTER_EVT type=content cls=android.widget.TextView desc=null txt_len=42 pkg=com.larus.nova t_boot_ns=8083360000000
08-02 01:01:23.710 I/AnebE4MARK( 6001): E4MARK kind=answer_complete n=2
08-02 01:01:25.910 I/AnebProbe( 5939): ADAPTER_EVT type=content cls=android.widget.TextView desc=null txt_len=42 pkg=com.larus.nova t_boot_ns=8085910000000
08-02 01:01:25.935 I/AnebProbe( 5939): ADAPTER_EVT type=content cls=android.widget.TextView desc=null txt_len=42 pkg=com.larus.nova t_boot_ns=8085935000000
08-02 01:01:25.965 I/AnebProbe( 5939): ADAPTER_EVT type=content cls=android.widget.TextView desc=null txt_len=42 pkg=com.larus.nova t_boot_ns=8085965000000
08-02 01:01:27.865 I/AnebProbe( 5939): ADAPTER_EVT type=content cls=android.widget.TextView desc=null txt_len=42 pkg=com.larus.nova t_boot_ns=8087865000000
08-02 01:01:28.015 I/AnebProbe( 5939): ADAPTER_EVT type=content cls=android.widget.TextView desc=null txt_len=42 pkg=com.larus.nova t_boot_ns=8088015000000
08-02 01:01:28.415 I/AnebProbe( 5939): ADAPTER_EVT type=content cls=android.widget.TextView desc=null txt_len=42 pkg=com.larus.nova t_boot_ns=8088415000000
08-02 01:01:29.515 I/AnebProbe( 5939): ADAPTER_EVT type=content cls=android.widget.TextView desc=null txt_len=42 pkg=com.larus.nova t_boot_ns=8089515000000
08-02 01:01:32.115 I/AnebProbe( 5939): ADAPTER_EVT type=content cls=android.widget.TextView desc=null txt_len=42 pkg=com.larus.nova t_boot_ns=8092115000000
08-02 01:01:36.315 I/AnebProbe( 5939): ADAPTER_EVT type=content cls=android.widget.TextView desc=null txt_len=42 pkg=com.larus.nova t_boot_ns=8096315000000
08-02 01:01:36.375 I/AnebProbe( 5939): ADAPTER_EVT type=content cls=android.widget.TextView desc=null txt_len=42 pkg=com.larus.nova t_boot_ns=8096375000000
08-02 01:01:36.465 I/AnebProbe( 5939): ADAPTER_EVT type=content cls=android.widget.TextView desc=null txt_len=42 pkg=com.larus.nova t_boot_ns=8096465000000
08-02 01:01:36.615 I/AnebProbe( 5939): ADAPTER_EVT type=content cls=android.widget.TextView desc=null txt_len=42 pkg=com.larus.nova t_boot_ns=8096615000000
08-02 01:01:37.015 I/AnebProbe( 5939): ADAPTER_EVT type=content cls=android.widget.TextView desc=null txt_len=42 pkg=com.larus.nova t_boot_ns=8097015000000
08-02 01:01:38.115 I/AnebProbe( 5939): ADAPTER_EVT type=content cls=android.widget.TextView desc=null txt_len=42 pkg=com.larus.nova t_boot_ns=8098115000000
08-02 01:01:40.715 I/AnebProbe( 5939): ADAPTER_EVT type=content cls=android.widget.TextView desc=null txt_len=42 pkg=com.larus.nova t_boot_ns=8100715000000
08-02 01:01:44.915 I/AnebProbe( 5939): ADAPTER_EVT type=content cls=android.widget.TextView desc=null txt_len=42 pkg=com.larus.nova t_boot_ns=8104915000000
08-02 01:01:44.975 I/AnebProbe( 5939): ADAPTER_EVT type=content cls=android.widget.TextView desc=null txt_len=42 pkg=com.larus.nova t_boot_ns=8104975000000
08-02 01:01:45.065 I/AnebProbe( 5939): ADAPTER_EVT type=content cls=android.widget.TextView desc=null txt_len=42 pkg=com.larus.nova t_boot_ns=8105065000000
08-02 01:01:45.215 I/AnebProbe( 5939): ADAPTER_EVT type=content cls=android.widget.TextView desc=null txt_len=42 pkg=com.larus.nova t_boot_ns=8105215000000
08-02 01:01:45.615 I/AnebProbe( 5939): ADAPTER_EVT type=content cls=android.widget.TextView desc=null txt_len=42 pkg=com.larus.nova t_boot_ns=8105615000000
08-02 01:01:46.715 I/AnebProbe( 5939): ADAPTER_EVT type=content cls=android.widget.TextView desc=null txt_len=42 pkg=com.larus.nova t_boot_ns=8106715000000
08-02 01:01:49.315 I/AnebProbe( 5939): ADAPTER_EVT type=content cls=android.widget.TextView desc=null txt_len=42 pkg=com.larus.nova t_boot_ns=8109315000000
08-02 01:01:53.515 I/AnebProbe( 5939): ADAPTER_EVT type=content cls=android.widget.TextView desc=null txt_len=42 pkg=com.larus.nova t_boot_ns=8113515000000
08-02 01:01:53.575 I/AnebProbe( 5939): ADAPTER_EVT type=content cls=android.widget.TextView desc=null txt_len=42 pkg=com.larus.nova t_boot_ns=8113575000000
08-02 01:01:53.665 I/AnebProbe( 5939): ADAPTER_EVT type=content cls=android.widget.TextView desc=null txt_len=42 pkg=com.larus.nova t_boot_ns=8113665000000
08-02 01:01:53.815 I/AnebProbe( 5939): ADAPTER_EVT type=content cls=android.widget.TextView desc=null txt_len=42 pkg=com.larus.nova t_boot_ns=8113815000000
08-02 01:01:54.215 I/AnebProbe( 5939): ADAPTER_EVT type=content cls=android.widget.TextView desc=null txt_len=42 pkg=com.larus.nova t_boot_ns=8114215000000
08-02 01:01:55.315 I/AnebProbe( 5939): ADAPTER_EVT type=content cls=android.widget.TextView desc=null txt_len=42 pkg=com.larus.nova t_boot_ns=8115315000000
08-02 01:01:57.915 I/AnebProbe( 5939): ADAPTER_EVT type=content cls=android.widget.TextView desc=null txt_len=42 pkg=com.larus.nova t_boot_ns=8117915000000
08-02 01:02:02.115 I/AnebProbe( 5939): ADAPTER_EVT type=content cls=android.widget.TextView desc=null txt_len=42 pkg=com.larus.nova t_boot_ns=8122115000000
08-02 01:02:02.175 I/AnebProbe( 5939): ADAPTER_EVT type=content cls=android.widget.TextView desc=null txt_len=42 pkg=com.larus.nova t_boot_ns=8122175000000
08-02 01:02:02.265 I/AnebProbe( 5939): ADAPTER_EVT type=content cls=android.widget.TextView desc=null txt_len=42 pkg=com.larus.nova t_boot_ns=8122265000000
08-02 01:02:02.415 I/AnebProbe( 5939): ADAPTER_EVT type=content cls=android.widget.TextView desc=null txt_len=42 pkg=com.larus.nova t_boot_ns=8122415000000
08-02 01:02:06.615 I/AnebProbe( 5939): ADAPTER_EVT type=content cls=android.widget.TextView desc=null txt_len=42 pkg=com.larus.nova t_boot_ns=8126615000000
08-02 01:02:06.965 I/AnebE4MARK( 6001): E4MARK kind=answer_complete n=3
08-02 01:02:10.065 I/AnebProbe( 5939): ADAPTER_EVT type=content cls=android.widget.TextView desc=null txt_len=42 pkg=com.larus.nova t_boot_ns=8130065000000
08-02 01:02:10.090 I/AnebProbe( 5939): ADAPTER_EVT type=content cls=android.widget.TextView desc=null txt_len=42 pkg=com.larus.nova t_boot_ns=8130090000000
08-02 01:02:10.120 I/AnebProbe( 5939): ADAPTER_EVT type=content cls=android.widget.TextView desc=null txt_len=42 pkg=com.larus.nova t_boot_ns=8130120000000
08-02 01:02:12.020 I/AnebProbe( 5939): ADAPTER_EVT type=content cls=android.widget.TextView desc=null txt_len=42 pkg=com.larus.nova t_boot_ns=8132020000000
08-02 01:02:12.420 I/AnebProbe( 5939): ADAPTER_EVT type=content cls=android.widget.TextView desc=null txt_len=42 pkg=com.larus.nova t_boot_ns=8132420000000
08-02 01:02:13.520 I/AnebProbe( 5939): ADAPTER_EVT type=content cls=android.widget.TextView desc=null txt_len=42 pkg=com.larus.nova t_boot_ns=8133520000000
08-02 01:02:16.120 I/AnebProbe( 5939): ADAPTER_EVT type=content cls=android.widget.TextView desc=null txt_len=42 pkg=com.larus.nova t_boot_ns=8136120000000
08-02 01:02:20.320 I/AnebProbe( 5939): ADAPTER_EVT type=content cls=android.widget.TextView desc=null txt_len=42 pkg=com.larus.nova t_boot_ns=8140320000000
08-02 01:02:20.380 I/AnebProbe( 5939): ADAPTER_EVT type=content cls=android.widget.TextView desc=null txt_len=42 pkg=com.larus.nova t_boot_ns=8140380000000
08-02 01:02:20.470 I/AnebProbe( 5939): ADAPTER_EVT type=content cls=android.widget.TextView desc=null txt_len=42 pkg=com.larus.nova t_boot_ns=8140470000000
08-02 01:02:20.620 I/AnebProbe( 5939): ADAPTER_EVT type=content cls=android.widget.TextView desc=null txt_len=42 pkg=com.larus.nova t_boot_ns=8140620000000
08-02 01:02:21.020 I/AnebProbe( 5939): ADAPTER_EVT type=content cls=android.widget.TextView desc=null txt_len=42 pkg=com.larus.nova t_boot_ns=8141020000000
08-02 01:02:22.120 I/AnebProbe( 5939): ADAPTER_EVT type=content cls=android.widget.TextView desc=null txt_len=42 pkg=com.larus.nova t_boot_ns=8142120000000
08-02 01:02:24.720 I/AnebProbe( 5939): ADAPTER_EVT type=content cls=android.widget.TextView desc=null txt_len=42 pkg=com.larus.nova t_boot_ns=8144720000000
08-02 01:02:28.920 I/AnebProbe( 5939): ADAPTER_EVT type=content cls=android.widget.TextView desc=null txt_len=42 pkg=com.larus.nova t_boot_ns=8148920000000
08-02 01:02:28.980 I/AnebProbe( 5939): ADAPTER_EVT type=content cls=android.widget.TextView desc=null txt_len=42 pkg=com.larus.nova t_boot_ns=8148980000000
08-02 01:02:29.070 I/AnebProbe( 5939): ADAPTER_EVT type=content cls=android.widget.TextView desc=null txt_len=42 pkg=com.larus.nova t_boot_ns=8149070000000
08-02 01:02:29.220 I/AnebProbe( 5939): ADAPTER_EVT type=content cls=android.widget.TextView desc=null txt_len=42 pkg=com.larus.nova t_boot_ns=8149220000000
08-02 01:02:29.620 I/AnebProbe( 5939): ADAPTER_EVT type=content cls=android.widget.TextView desc=null txt_len=42 pkg=com.larus.nova t_boot_ns=8149620000000
08-02 01:02:30.720 I/AnebProbe( 5939): ADAPTER_EVT type=content cls=android.widget.TextView desc=null txt_len=42 pkg=com.larus.nova t_boot_ns=8150720000000
08-02 01:02:33.320 I/AnebProbe( 5939): ADAPTER_EVT type=content cls=android.widget.TextView desc=null txt_len=42 pkg=com.larus.nova t_boot_ns=8153320000000
08-02 01:02:37.520 I/AnebProbe( 5939): ADAPTER_EVT type=content cls=android.widget.TextView desc=null txt_len=42 pkg=com.larus.nova t_boot_ns=8157520000000
08-02 01:02:37.580 I/AnebProbe( 5939): ADAPTER_EVT type=content cls=android.widget.TextView desc=null txt_len=42 pkg=com.larus.nova t_boot_ns=8157580000000
08-02 01:02:37.670 I/AnebProbe( 5939): ADAPTER_EVT type=content cls=android.widget.TextView desc=null txt_len=42 pkg=com.larus.nova t_boot_ns=8157670000000
08-02 01:02:37.820 I/AnebProbe( 5939): ADAPTER_EVT type=content cls=android.widget.TextView desc=null txt_len=42 pkg=com.larus.nova t_boot_ns=8157820000000
08-02 01:02:38.220 I/AnebProbe( 5939): ADAPTER_EVT type=content cls=android.widget.TextView desc=null txt_len=42 pkg=com.larus.nova t_boot_ns=8158220000000
08-02 01:02:39.320 I/AnebProbe( 5939): ADAPTER_EVT type=content cls=android.widget.TextView desc=null txt_len=42 pkg=com.larus.nova t_boot_ns=8159320000000
08-02 01:02:41.920 I/AnebProbe( 5939): ADAPTER_EVT type=content cls=android.widget.TextView desc=null txt_len=42 pkg=com.larus.nova t_boot_ns=8161920000000
08-02 01:02:46.120 I/AnebProbe( 5939): ADAPTER_EVT type=content cls=android.widget.TextView desc=null txt_len=42 pkg=com.larus.nova t_boot_ns=8166120000000
08-02 01:02:46.180 I/AnebProbe( 5939): ADAPTER_EVT type=content cls=android.widget.TextView desc=null txt_len=42 pkg=com.larus.nova t_boot_ns=8166180000000
08-02 01:02:46.270 I/AnebProbe( 5939): ADAPTER_EVT type=content cls=android.widget.TextView desc=null txt_len=42 pkg=com.larus.nova t_boot_ns=8166270000000
08-02 01:02:46.420 I/AnebProbe( 5939): ADAPTER_EVT type=content cls=android.widget.TextView desc=null txt_len=42 pkg=com.larus.nova t_boot_ns=8166420000000
08-02 01:02:46.820 I/AnebProbe( 5939): ADAPTER_EVT type=content cls=android.widget.TextView desc=null txt_len=42 pkg=com.larus.nova t_boot_ns=8166820000000
08-02 01:02:51.020 I/AnebProbe( 5939): ADAPTER_EVT type=content cls=android.widget.TextView desc=null txt_len=42 pkg=com.larus.nova t_boot_ns=8171020000000
08-02 01:02:51.370 I/AnebE4MARK( 6001): E4MARK kind=answer_complete n=4
08-02 01:02:56.170 I/AnebProbe( 5939): ADAPTER_EVT type=content cls=android.widget.TextView desc=null txt_len=42 pkg=com.larus.nova t_boot_ns=8176170000000
08-02 01:02:56.195 I/AnebProbe( 5939): ADAPTER_EVT type=content cls=android.widget.TextView desc=null txt_len=42 pkg=com.larus.nova t_boot_ns=8176195000000
08-02 01:02:56.225 I/AnebProbe( 5939): ADAPTER_EVT type=content cls=android.widget.TextView desc=null txt_len=42 pkg=com.larus.nova t_boot_ns=8176225000000
08-02 01:02:58.125 I/AnebProbe( 5939): ADAPTER_EVT type=content cls=android.widget.TextView desc=null txt_len=42 pkg=com.larus.nova t_boot_ns=8178125000000
08-02 01:02:59.225 I/AnebProbe( 5939): ADAPTER_EVT type=content cls=android.widget.TextView desc=null txt_len=42 pkg=com.larus.nova t_boot_ns=8179225000000
08-02 01:03:01.825 I/AnebProbe( 5939): ADAPTER_EVT type=content cls=android.widget.TextView desc=null txt_len=42 pkg=com.larus.nova t_boot_ns=8181825000000
08-02 01:03:06.025 I/AnebProbe( 5939): ADAPTER_EVT type=content cls=android.widget.TextView desc=null txt_len=42 pkg=com.larus.nova t_boot_ns=8186025000000
08-02 01:03:06.085 I/AnebProbe( 5939): ADAPTER_EVT type=content cls=android.widget.TextView desc=null txt_len=42 pkg=com.larus.nova t_boot_ns=8186085000000
08-02 01:03:06.175 I/AnebProbe( 5939): ADAPTER_EVT type=content cls=android.widget.TextView desc=null txt_len=42 pkg=com.larus.nova t_boot_ns=8186175000000
08-02 01:03:06.325 I/AnebProbe( 5939): ADAPTER_EVT type=content cls=android.widget.TextView desc=null txt_len=42 pkg=com.larus.nova t_boot_ns=8186325000000
08-02 01:03:06.725 I/AnebProbe( 5939): ADAPTER_EVT type=content cls=android.widget.TextView desc=null txt_len=42 pkg=com.larus.nova t_boot_ns=8186725000000
08-02 01:03:07.825 I/AnebProbe( 5939): ADAPTER_EVT type=content cls=android.widget.TextView desc=null txt_len=42 pkg=com.larus.nova t_boot_ns=8187825000000
08-02 01:03:10.425 I/AnebProbe( 5939): ADAPTER_EVT type=content cls=android.widget.TextView desc=null txt_len=42 pkg=com.larus.nova t_boot_ns=8190425000000
08-02 01:03:14.625 I/AnebProbe( 5939): ADAPTER_EVT type=content cls=android.widget.TextView desc=null txt_len=42 pkg=com.larus.nova t_boot_ns=8194625000000
08-02 01:03:14.685 I/AnebProbe( 5939): ADAPTER_EVT type=content cls=android.widget.TextView desc=null txt_len=42 pkg=com.larus.nova t_boot_ns=8194685000000
08-02 01:03:14.775 I/AnebProbe( 5939): ADAPTER_EVT type=content cls=android.widget.TextView desc=null txt_len=42 pkg=com.larus.nova t_boot_ns=8194775000000
08-02 01:03:14.925 I/AnebProbe( 5939): ADAPTER_EVT type=content cls=android.widget.TextView desc=null txt_len=42 pkg=com.larus.nova t_boot_ns=8194925000000
08-02 01:03:15.325 I/AnebProbe( 5939): ADAPTER_EVT type=content cls=android.widget.TextView desc=null txt_len=42 pkg=com.larus.nova t_boot_ns=8195325000000
08-02 01:03:16.425 I/AnebProbe( 5939): ADAPTER_EVT type=content cls=android.widget.TextView desc=null txt_len=42 pkg=com.larus.nova t_boot_ns=8196425000000
08-02 01:03:19.025 I/AnebProbe( 5939): ADAPTER_EVT type=content cls=android.widget.TextView desc=null txt_len=42 pkg=com.larus.nova t_boot_ns=8199025000000
08-02 01:03:23.225 I/AnebProbe( 5939): ADAPTER_EVT type=content cls=android.widget.TextView desc=null txt_len=42 pkg=com.larus.nova t_boot_ns=8203225000000
08-02 01:03:23.285 I/AnebProbe( 5939): ADAPTER_EVT type=content cls=android.widget.TextView desc=null txt_len=42 pkg=com.larus.nova t_boot_ns=8203285000000
08-02 01:03:23.375 I/AnebProbe( 5939): ADAPTER_EVT type=content cls=android.widget.TextView desc=null txt_len=42 pkg=com.larus.nova t_boot_ns=8203375000000
08-02 01:03:23.525 I/AnebProbe( 5939): ADAPTER_EVT type=content cls=android.widget.TextView desc=null txt_len=42 pkg=com.larus.nova t_boot_ns=8203525000000
08-02 01:03:23.925 I/AnebProbe( 5939): ADAPTER_EVT type=content cls=android.widget.TextView desc=null txt_len=42 pkg=com.larus.nova t_boot_ns=8203925000000
08-02 01:03:25.025 I/AnebProbe( 5939): ADAPTER_EVT type=content cls=android.widget.TextView desc=null txt_len=42 pkg=com.larus.nova t_boot_ns=8205025000000
08-02 01:03:27.625 I/AnebProbe( 5939): ADAPTER_EVT type=content cls=android.widget.TextView desc=null txt_len=42 pkg=com.larus.nova t_boot_ns=8207625000000
08-02 01:03:31.825 I/AnebProbe( 5939): ADAPTER_EVT type=content cls=android.widget.TextView desc=null txt_len=42 pkg=com.larus.nova t_boot_ns=8211825000000
08-02 01:03:31.885 I/AnebProbe( 5939): ADAPTER_EVT type=content cls=android.widget.TextView desc=null txt_len=42 pkg=com.larus.nova t_boot_ns=8211885000000
08-02 01:03:31.975 I/AnebProbe( 5939): ADAPTER_EVT type=content cls=android.widget.TextView desc=null txt_len=42 pkg=com.larus.nova t_boot_ns=8211975000000
08-02 01:03:32.125 I/AnebProbe( 5939): ADAPTER_EVT type=content cls=android.widget.TextView desc=null txt_len=42 pkg=com.larus.nova t_boot_ns=8212125000000
08-02 01:03:32.525 I/AnebProbe( 5939): ADAPTER_EVT type=content cls=android.widget.TextView desc=null txt_len=42 pkg=com.larus.nova t_boot_ns=8212525000000
08-02 01:03:33.625 I/AnebProbe( 5939): ADAPTER_EVT type=content cls=android.widget.TextView desc=null txt_len=42 pkg=com.larus.nova t_boot_ns=8213625000000
08-02 01:03:37.825 I/AnebProbe( 5939): ADAPTER_EVT type=content cls=android.widget.TextView desc=null txt_len=42 pkg=com.larus.nova t_boot_ns=8217825000000
08-02 01:03:38.175 I/AnebE4MARK( 6001): E4MARK kind=answer_complete n=5
08-02 01:03:39.775 I/AnebProbe( 5939): ADAPTER_EVT type=content cls=android.widget.TextView desc=null txt_len=42 pkg=com.larus.nova t_boot_ns=8219775000000
08-02 01:03:39.800 I/AnebProbe( 5939): ADAPTER_EVT type=content cls=android.widget.TextView desc=null txt_len=42 pkg=com.larus.nova t_boot_ns=8219800000000
08-02 01:03:39.830 I/AnebProbe( 5939): ADAPTER_EVT type=content cls=android.widget.TextView desc=null txt_len=42 pkg=com.larus.nova t_boot_ns=8219830000000
08-02 01:03:41.730 I/AnebProbe( 5939): ADAPTER_EVT type=content cls=android.widget.TextView desc=null txt_len=42 pkg=com.larus.nova t_boot_ns=8221730000000
08-02 01:03:44.330 I/AnebProbe( 5939): ADAPTER_EVT type=content cls=android.widget.TextView desc=null txt_len=42 pkg=com.larus.nova t_boot_ns=8224330000000
08-02 01:03:48.530 I/AnebProbe( 5939): ADAPTER_EVT type=content cls=android.widget.TextView desc=null txt_len=42 pkg=com.larus.nova t_boot_ns=8228530000000
08-02 01:03:48.590 I/AnebProbe( 5939): ADAPTER_EVT type=content cls=android.widget.TextView desc=null txt_len=42 pkg=com.larus.nova t_boot_ns=8228590000000
08-02 01:03:48.680 I/AnebProbe( 5939): ADAPTER_EVT type=content cls=android.widget.TextView desc=null txt_len=42 pkg=com.larus.nova t_boot_ns=8228680000000
08-02 01:03:48.830 I/AnebProbe( 5939): ADAPTER_EVT type=content cls=android.widget.TextView desc=null txt_len=42 pkg=com.larus.nova t_boot_ns=8228830000000
08-02 01:03:49.230 I/AnebProbe( 5939): ADAPTER_EVT type=content cls=android.widget.TextView desc=null txt_len=42 pkg=com.larus.nova t_boot_ns=8229230000000
08-02 01:03:50.330 I/AnebProbe( 5939): ADAPTER_EVT type=content cls=android.widget.TextView desc=null txt_len=42 pkg=com.larus.nova t_boot_ns=8230330000000
08-02 01:03:52.930 I/AnebProbe( 5939): ADAPTER_EVT type=content cls=android.widget.TextView desc=null txt_len=42 pkg=com.larus.nova t_boot_ns=8232930000000
08-02 01:03:57.130 I/AnebProbe( 5939): ADAPTER_EVT type=content cls=android.widget.TextView desc=null txt_len=42 pkg=com.larus.nova t_boot_ns=8237130000000
08-02 01:03:57.190 I/AnebProbe( 5939): ADAPTER_EVT type=content cls=android.widget.TextView desc=null txt_len=42 pkg=com.larus.nova t_boot_ns=8237190000000
08-02 01:03:57.280 I/AnebProbe( 5939): ADAPTER_EVT type=content cls=android.widget.TextView desc=null txt_len=42 pkg=com.larus.nova t_boot_ns=8237280000000
08-02 01:03:57.430 I/AnebProbe( 5939): ADAPTER_EVT type=content cls=android.widget.TextView desc=null txt_len=42 pkg=com.larus.nova t_boot_ns=8237430000000
08-02 01:03:57.830 I/AnebProbe( 5939): ADAPTER_EVT type=content cls=android.widget.TextView desc=null txt_len=42 pkg=com.larus.nova t_boot_ns=8237830000000
08-02 01:03:58.930 I/AnebProbe( 5939): ADAPTER_EVT type=content cls=android.widget.TextView desc=null txt_len=42 pkg=com.larus.nova t_boot_ns=8238930000000
08-02 01:04:01.530 I/AnebProbe( 5939): ADAPTER_EVT type=content cls=android.widget.TextView desc=null txt_len=42 pkg=com.larus.nova t_boot_ns=8241530000000
08-02 01:04:05.730 I/AnebProbe( 5939): ADAPTER_EVT type=content cls=android.widget.TextView desc=null txt_len=42 pkg=com.larus.nova t_boot_ns=8245730000000
08-02 01:04:05.790 I/AnebProbe( 5939): ADAPTER_EVT type=content cls=android.widget.TextView desc=null txt_len=42 pkg=com.larus.nova t_boot_ns=8245790000000
08-02 01:04:05.880 I/AnebProbe( 5939): ADAPTER_EVT type=content cls=android.widget.TextView desc=null txt_len=42 pkg=com.larus.nova t_boot_ns=8245880000000
08-02 01:04:06.030 I/AnebProbe( 5939): ADAPTER_EVT type=content cls=android.widget.TextView desc=null txt_len=42 pkg=com.larus.nova t_boot_ns=8246030000000
08-02 01:04:06.430 I/AnebProbe( 5939): ADAPTER_EVT type=content cls=android.widget.TextView desc=null txt_len=42 pkg=com.larus.nova t_boot_ns=8246430000000
08-02 01:04:07.530 I/AnebProbe( 5939): ADAPTER_EVT type=content cls=android.widget.TextView desc=null txt_len=42 pkg=com.larus.nova t_boot_ns=8247530000000
08-02 01:04:10.130 I/AnebProbe( 5939): ADAPTER_EVT type=content cls=android.widget.TextView desc=null txt_len=42 pkg=com.larus.nova t_boot_ns=8250130000000
08-02 01:04:14.330 I/AnebProbe( 5939): ADAPTER_EVT type=content cls=android.widget.TextView desc=null txt_len=42 pkg=com.larus.nova t_boot_ns=8254330000000
08-02 01:04:14.390 I/AnebProbe( 5939): ADAPTER_EVT type=content cls=android.widget.TextView desc=null txt_len=42 pkg=com.larus.nova t_boot_ns=8254390000000
08-02 01:04:14.480 I/AnebProbe( 5939): ADAPTER_EVT type=content cls=android.widget.TextView desc=null txt_len=42 pkg=com.larus.nova t_boot_ns=8254480000000
08-02 01:04:14.630 I/AnebProbe( 5939): ADAPTER_EVT type=content cls=android.widget.TextView desc=null txt_len=42 pkg=com.larus.nova t_boot_ns=8254630000000
08-02 01:04:15.030 I/AnebProbe( 5939): ADAPTER_EVT type=content cls=android.widget.TextView desc=null txt_len=42 pkg=com.larus.nova t_boot_ns=8255030000000
08-02 01:04:16.130 I/AnebProbe( 5939): ADAPTER_EVT type=content cls=android.widget.TextView desc=null txt_len=42 pkg=com.larus.nova t_boot_ns=8256130000000
08-02 01:04:18.730 I/AnebProbe( 5939): ADAPTER_EVT type=content cls=android.widget.TextView desc=null txt_len=42 pkg=com.larus.nova t_boot_ns=8258730000000
08-02 01:04:22.930 I/AnebProbe( 5939): ADAPTER_EVT type=content cls=android.widget.TextView desc=null txt_len=42 pkg=com.larus.nova t_boot_ns=8262930000000
08-02 01:04:23.280 I/AnebE4MARK( 6001): E4MARK kind=answer_complete n=6
08-02 01:04:25.480 I/AnebProbe( 5939): ADAPTER_EVT type=content cls=android.widget.TextView desc=null txt_len=42 pkg=com.larus.nova t_boot_ns=8265480000000
08-02 01:04:25.505 I/AnebProbe( 5939): ADAPTER_EVT type=content cls=android.widget.TextView desc=null txt_len=42 pkg=com.larus.nova t_boot_ns=8265505000000
08-02 01:04:25.535 I/AnebProbe( 5939): ADAPTER_EVT type=content cls=android.widget.TextView desc=null txt_len=42 pkg=com.larus.nova t_boot_ns=8265535000000
08-02 01:04:27.435 I/AnebProbe( 5939): ADAPTER_EVT type=content cls=android.widget.TextView desc=null txt_len=42 pkg=com.larus.nova t_boot_ns=8267435000000
08-02 01:04:31.635 I/AnebProbe( 5939): ADAPTER_EVT type=content cls=android.widget.TextView desc=null txt_len=42 pkg=com.larus.nova t_boot_ns=8271635000000
08-02 01:04:31.695 I/AnebProbe( 5939): ADAPTER_EVT type=content cls=android.widget.TextView desc=null txt_len=42 pkg=com.larus.nova t_boot_ns=8271695000000
08-02 01:04:31.785 I/AnebProbe( 5939): ADAPTER_EVT type=content cls=android.widget.TextView desc=null txt_len=42 pkg=com.larus.nova t_boot_ns=8271785000000
08-02 01:04:31.935 I/AnebProbe( 5939): ADAPTER_EVT type=content cls=android.widget.TextView desc=null txt_len=42 pkg=com.larus.nova t_boot_ns=8271935000000
08-02 01:04:32.335 I/AnebProbe( 5939): ADAPTER_EVT type=content cls=android.widget.TextView desc=null txt_len=42 pkg=com.larus.nova t_boot_ns=8272335000000
08-02 01:04:33.435 I/AnebProbe( 5939): ADAPTER_EVT type=content cls=android.widget.TextView desc=null txt_len=42 pkg=com.larus.nova t_boot_ns=8273435000000
08-02 01:04:36.035 I/AnebProbe( 5939): ADAPTER_EVT type=content cls=android.widget.TextView desc=null txt_len=42 pkg=com.larus.nova t_boot_ns=8276035000000
08-02 01:04:40.235 I/AnebProbe( 5939): ADAPTER_EVT type=content cls=android.widget.TextView desc=null txt_len=42 pkg=com.larus.nova t_boot_ns=8280235000000
08-02 01:04:40.295 I/AnebProbe( 5939): ADAPTER_EVT type=content cls=android.widget.TextView desc=null txt_len=42 pkg=com.larus.nova t_boot_ns=8280295000000
08-02 01:04:40.385 I/AnebProbe( 5939): ADAPTER_EVT type=content cls=android.widget.TextView desc=null txt_len=42 pkg=com.larus.nova t_boot_ns=8280385000000
08-02 01:04:40.535 I/AnebProbe( 5939): ADAPTER_EVT type=content cls=android.widget.TextView desc=null txt_len=42 pkg=com.larus.nova t_boot_ns=8280535000000
08-02 01:04:40.935 I/AnebProbe( 5939): ADAPTER_EVT type=content cls=android.widget.TextView desc=null txt_len=42 pkg=com.larus.nova t_boot_ns=8280935000000
08-02 01:04:42.035 I/AnebProbe( 5939): ADAPTER_EVT type=content cls=android.widget.TextView desc=null txt_len=42 pkg=com.larus.nova t_boot_ns=8282035000000
08-02 01:04:44.635 I/AnebProbe( 5939): ADAPTER_EVT type=content cls=android.widget.TextView desc=null txt_len=42 pkg=com.larus.nova t_boot_ns=8284635000000
08-02 01:04:48.835 I/AnebProbe( 5939): ADAPTER_EVT type=content cls=android.widget.TextView desc=null txt_len=42 pkg=com.larus.nova t_boot_ns=8288835000000
08-02 01:04:48.895 I/AnebProbe( 5939): ADAPTER_EVT type=content cls=android.widget.TextView desc=null txt_len=42 pkg=com.larus.nova t_boot_ns=8288895000000
08-02 01:04:48.985 I/AnebProbe( 5939): ADAPTER_EVT type=content cls=android.widget.TextView desc=null txt_len=42 pkg=com.larus.nova t_boot_ns=8288985000000
08-02 01:04:49.135 I/AnebProbe( 5939): ADAPTER_EVT type=content cls=android.widget.TextView desc=null txt_len=42 pkg=com.larus.nova t_boot_ns=8289135000000
08-02 01:04:49.535 I/AnebProbe( 5939): ADAPTER_EVT type=content cls=android.widget.TextView desc=null txt_len=42 pkg=com.larus.nova t_boot_ns=8289535000000
08-02 01:04:50.635 I/AnebProbe( 5939): ADAPTER_EVT type=content cls=android.widget.TextView desc=null txt_len=42 pkg=com.larus.nova t_boot_ns=8290635000000
08-02 01:04:53.235 I/AnebProbe( 5939): ADAPTER_EVT type=content cls=android.widget.TextView desc=null txt_len=42 pkg=com.larus.nova t_boot_ns=8293235000000
08-02 01:04:57.435 I/AnebProbe( 5939): ADAPTER_EVT type=content cls=android.widget.TextView desc=null txt_len=42 pkg=com.larus.nova t_boot_ns=8297435000000
08-02 01:04:57.495 I/AnebProbe( 5939): ADAPTER_EVT type=content cls=android.widget.TextView desc=null txt_len=42 pkg=com.larus.nova t_boot_ns=8297495000000
08-02 01:04:57.585 I/AnebProbe( 5939): ADAPTER_EVT type=content cls=android.widget.TextView desc=null txt_len=42 pkg=com.larus.nova t_boot_ns=8297585000000
08-02 01:04:57.735 I/AnebProbe( 5939): ADAPTER_EVT type=content cls=android.widget.TextView desc=null txt_len=42 pkg=com.larus.nova t_boot_ns=8297735000000
08-02 01:04:58.135 I/AnebProbe( 5939): ADAPTER_EVT type=content cls=android.widget.TextView desc=null txt_len=42 pkg=com.larus.nova t_boot_ns=8298135000000
08-02 01:04:59.235 I/AnebProbe( 5939): ADAPTER_EVT type=content cls=android.widget.TextView desc=null txt_len=42 pkg=com.larus.nova t_boot_ns=8299235000000
08-02 01:05:01.835 I/AnebProbe( 5939): ADAPTER_EVT type=content cls=android.widget.TextView desc=null txt_len=42 pkg=com.larus.nova t_boot_ns=8301835000000
08-02 01:05:06.035 I/AnebProbe( 5939): ADAPTER_EVT type=content cls=android.widget.TextView desc=null txt_len=42 pkg=com.larus.nova t_boot_ns=8306035000000
08-02 01:05:10.235 I/AnebProbe( 5939): ADAPTER_EVT type=content cls=android.widget.TextView desc=null txt_len=42 pkg=com.larus.nova t_boot_ns=8310235000000
08-02 01:05:10.585 I/AnebE4MARK( 6001): E4MARK kind=answer_complete n=7
08-02 01:05:13.685 I/AnebProbe( 5939): ADAPTER_EVT type=content cls=android.widget.TextView desc=null txt_len=42 pkg=com.larus.nova t_boot_ns=8313685000000
08-02 01:05:13.710 I/AnebProbe( 5939): ADAPTER_EVT type=content cls=android.widget.TextView desc=null txt_len=42 pkg=com.larus.nova t_boot_ns=8313710000000
08-02 01:05:13.740 I/AnebProbe( 5939): ADAPTER_EVT type=content cls=android.widget.TextView desc=null txt_len=42 pkg=com.larus.nova t_boot_ns=8313740000000
08-02 01:05:15.640 I/AnebProbe( 5939): ADAPTER_EVT type=content cls=android.widget.TextView desc=null txt_len=42 pkg=com.larus.nova t_boot_ns=8315640000000
08-02 01:05:15.700 I/AnebProbe( 5939): ADAPTER_EVT type=content cls=android.widget.TextView desc=null txt_len=42 pkg=com.larus.nova t_boot_ns=8315700000000
08-02 01:05:15.790 I/AnebProbe( 5939): ADAPTER_EVT type=content cls=android.widget.TextView desc=null txt_len=42 pkg=com.larus.nova t_boot_ns=8315790000000
08-02 01:05:15.940 I/AnebProbe( 5939): ADAPTER_EVT type=content cls=android.widget.TextView desc=null txt_len=42 pkg=com.larus.nova t_boot_ns=8315940000000
08-02 01:05:16.340 I/AnebProbe( 5939): ADAPTER_EVT type=content cls=android.widget.TextView desc=null txt_len=42 pkg=com.larus.nova t_boot_ns=8316340000000
08-02 01:05:17.440 I/AnebProbe( 5939): ADAPTER_EVT type=content cls=android.widget.TextView desc=null txt_len=42 pkg=com.larus.nova t_boot_ns=8317440000000
08-02 01:05:20.040 I/AnebProbe( 5939): ADAPTER_EVT type=content cls=android.widget.TextView desc=null txt_len=42 pkg=com.larus.nova t_boot_ns=8320040000000
08-02 01:05:24.240 I/AnebProbe( 5939): ADAPTER_EVT type=content cls=android.widget.TextView desc=null txt_len=42 pkg=com.larus.nova t_boot_ns=8324240000000
08-02 01:05:24.300 I/AnebProbe( 5939): ADAPTER_EVT type=content cls=android.widget.TextView desc=null txt_len=42 pkg=com.larus.nova t_boot_ns=8324300000000
08-02 01:05:24.390 I/AnebProbe( 5939): ADAPTER_EVT type=content cls=android.widget.TextView desc=null txt_len=42 pkg=com.larus.nova t_boot_ns=8324390000000
08-02 01:05:24.540 I/AnebProbe( 5939): ADAPTER_EVT type=content cls=android.widget.TextView desc=null txt_len=42 pkg=com.larus.nova t_boot_ns=8324540000000
08-02 01:05:24.940 I/AnebProbe( 5939): ADAPTER_EVT type=content cls=android.widget.TextView desc=null txt_len=42 pkg=com.larus.nova t_boot_ns=8324940000000
08-02 01:05:26.040 I/AnebProbe( 5939): ADAPTER_EVT type=content cls=android.widget.TextView desc=null txt_len=42 pkg=com.larus.nova t_boot_ns=8326040000000
08-02 01:05:28.640 I/AnebProbe( 5939): ADAPTER_EVT type=content cls=android.widget.TextView desc=null txt_len=42 pkg=com.larus.nova t_boot_ns=8328640000000
08-02 01:05:32.840 I/AnebProbe( 5939): ADAPTER_EVT type=content cls=android.widget.TextView desc=null txt_len=42 pkg=com.larus.nova t_boot_ns=8332840000000
08-02 01:05:32.900 I/AnebProbe( 5939): ADAPTER_EVT type=content cls=android.widget.TextView desc=null txt_len=42 pkg=com.larus.nova t_boot_ns=8332900000000
08-02 01:05:32.990 I/AnebProbe( 5939): ADAPTER_EVT type=content cls=android.widget.TextView desc=null txt_len=42 pkg=com.larus.nova t_boot_ns=8332990000000
08-02 01:05:33.140 I/AnebProbe( 5939): ADAPTER_EVT type=content cls=android.widget.TextView desc=null txt_len=42 pkg=com.larus.nova t_boot_ns=8333140000000
08-02 01:05:33.540 I/AnebProbe( 5939): ADAPTER_EVT type=content cls=android.widget.TextView desc=null txt_len=42 pkg=com.larus.nova t_boot_ns=8333540000000
08-02 01:05:34.640 I/AnebProbe( 5939): ADAPTER_EVT type=content cls=android.widget.TextView desc=null txt_len=42 pkg=com.larus.nova t_boot_ns=8334640000000
08-02 01:05:37.240 I/AnebProbe( 5939): ADAPTER_EVT type=content cls=android.widget.TextView desc=null txt_len=42 pkg=com.larus.nova t_boot_ns=8337240000000
08-02 01:05:41.440 I/AnebProbe( 5939): ADAPTER_EVT type=content cls=android.widget.TextView desc=null txt_len=42 pkg=com.larus.nova t_boot_ns=8341440000000
08-02 01:05:41.500 I/AnebProbe( 5939): ADAPTER_EVT type=content cls=android.widget.TextView desc=null txt_len=42 pkg=com.larus.nova t_boot_ns=8341500000000
08-02 01:05:41.590 I/AnebProbe( 5939): ADAPTER_EVT type=content cls=android.widget.TextView desc=null txt_len=42 pkg=com.larus.nova t_boot_ns=8341590000000
08-02 01:05:41.740 I/AnebProbe( 5939): ADAPTER_EVT type=content cls=android.widget.TextView desc=null txt_len=42 pkg=com.larus.nova t_boot_ns=8341740000000
08-02 01:05:42.140 I/AnebProbe( 5939): ADAPTER_EVT type=content cls=android.widget.TextView desc=null txt_len=42 pkg=com.larus.nova t_boot_ns=8342140000000
08-02 01:05:43.240 I/AnebProbe( 5939): ADAPTER_EVT type=content cls=android.widget.TextView desc=null txt_len=42 pkg=com.larus.nova t_boot_ns=8343240000000
08-02 01:05:45.840 I/AnebProbe( 5939): ADAPTER_EVT type=content cls=android.widget.TextView desc=null txt_len=42 pkg=com.larus.nova t_boot_ns=8345840000000
08-02 01:05:50.040 I/AnebProbe( 5939): ADAPTER_EVT type=content cls=android.widget.TextView desc=null txt_len=42 pkg=com.larus.nova t_boot_ns=8350040000000
08-02 01:05:50.100 I/AnebProbe( 5939): ADAPTER_EVT type=content cls=android.widget.TextView desc=null txt_len=42 pkg=com.larus.nova t_boot_ns=8350100000000
08-02 01:05:54.300 I/AnebProbe( 5939): ADAPTER_EVT type=content cls=android.widget.TextView desc=null txt_len=42 pkg=com.larus.nova t_boot_ns=8354300000000
08-02 01:05:54.650 I/AnebE4MARK( 6001): E4MARK kind=answer_complete n=8
08-02 01:05:59.450 I/AnebProbe( 5939): ADAPTER_EVT type=content cls=android.widget.TextView desc=null txt_len=42 pkg=com.larus.nova t_boot_ns=8359450000000
08-02 01:05:59.475 I/AnebProbe( 5939): ADAPTER_EVT type=content cls=android.widget.TextView desc=null txt_len=42 pkg=com.larus.nova t_boot_ns=8359475000000
08-02 01:05:59.505 I/AnebProbe( 5939): ADAPTER_EVT type=content cls=android.widget.TextView desc=null txt_len=42 pkg=com.larus.nova t_boot_ns=8359505000000
08-02 01:06:01.405 I/AnebProbe( 5939): ADAPTER_EVT type=content cls=android.widget.TextView desc=null txt_len=42 pkg=com.larus.nova t_boot_ns=8361405000000
08-02 01:06:01.495 I/AnebProbe( 5939): ADAPTER_EVT type=content cls=android.widget.TextView desc=null txt_len=42 pkg=com.larus.nova t_boot_ns=8361495000000
08-02 01:06:01.645 I/AnebProbe( 5939): ADAPTER_EVT type=content cls=android.widget.TextView desc=null txt_len=42 pkg=com.larus.nova t_boot_ns=8361645000000
08-02 01:06:02.045 I/AnebProbe( 5939): ADAPTER_EVT type=content cls=android.widget.TextView desc=null txt_len=42 pkg=com.larus.nova t_boot_ns=8362045000000
08-02 01:06:03.145 I/AnebProbe( 5939): ADAPTER_EVT type=content cls=android.widget.TextView desc=null txt_len=42 pkg=com.larus.nova t_boot_ns=8363145000000
08-02 01:06:05.745 I/AnebProbe( 5939): ADAPTER_EVT type=content cls=android.widget.TextView desc=null txt_len=42 pkg=com.larus.nova t_boot_ns=8365745000000
08-02 01:06:09.945 I/AnebProbe( 5939): ADAPTER_EVT type=content cls=android.widget.TextView desc=null txt_len=42 pkg=com.larus.nova t_boot_ns=8369945000000
08-02 01:06:10.005 I/AnebProbe( 5939): ADAPTER_EVT type=content cls=android.widget.TextView desc=null txt_len=42 pkg=com.larus.nova t_boot_ns=8370005000000
08-02 01:06:10.095 I/AnebProbe( 5939): ADAPTER_EVT type=content cls=android.widget.TextView desc=null txt_len=42 pkg=com.larus.nova t_boot_ns=8370095000000
08-02 01:06:10.245 I/AnebProbe( 5939): ADAPTER_EVT type=content cls=android.widget.TextView desc=null txt_len=42 pkg=com.larus.nova t_boot_ns=8370245000000
08-02 01:06:10.645 I/AnebProbe( 5939): ADAPTER_EVT type=content cls=android.widget.TextView desc=null txt_len=42 pkg=com.larus.nova t_boot_ns=8370645000000
08-02 01:06:11.745 I/AnebProbe( 5939): ADAPTER_EVT type=content cls=android.widget.TextView desc=null txt_len=42 pkg=com.larus.nova t_boot_ns=8371745000000
08-02 01:06:14.345 I/AnebProbe( 5939): ADAPTER_EVT type=content cls=android.widget.TextView desc=null txt_len=42 pkg=com.larus.nova t_boot_ns=8374345000000
08-02 01:06:18.545 I/AnebProbe( 5939): ADAPTER_EVT type=content cls=android.widget.TextView desc=null txt_len=42 pkg=com.larus.nova t_boot_ns=8378545000000
08-02 01:06:18.605 I/AnebProbe( 5939): ADAPTER_EVT type=content cls=android.widget.TextView desc=null txt_len=42 pkg=com.larus.nova t_boot_ns=8378605000000
08-02 01:06:18.695 I/AnebProbe( 5939): ADAPTER_EVT type=content cls=android.widget.TextView desc=null txt_len=42 pkg=com.larus.nova t_boot_ns=8378695000000
08-02 01:06:18.845 I/AnebProbe( 5939): ADAPTER_EVT type=content cls=android.widget.TextView desc=null txt_len=42 pkg=com.larus.nova t_boot_ns=8378845000000
08-02 01:06:19.245 I/AnebProbe( 5939): ADAPTER_EVT type=content cls=android.widget.TextView desc=null txt_len=42 pkg=com.larus.nova t_boot_ns=8379245000000
08-02 01:06:20.345 I/AnebProbe( 5939): ADAPTER_EVT type=content cls=android.widget.TextView desc=null txt_len=42 pkg=com.larus.nova t_boot_ns=8380345000000
08-02 01:06:22.945 I/AnebProbe( 5939): ADAPTER_EVT type=content cls=android.widget.TextView desc=null txt_len=42 pkg=com.larus.nova t_boot_ns=8382945000000
08-02 01:06:27.145 I/AnebProbe( 5939): ADAPTER_EVT type=content cls=android.widget.TextView desc=null txt_len=42 pkg=com.larus.nova t_boot_ns=8387145000000
08-02 01:06:27.205 I/AnebProbe( 5939): ADAPTER_EVT type=content cls=android.widget.TextView desc=null txt_len=42 pkg=com.larus.nova t_boot_ns=8387205000000
08-02 01:06:27.295 I/AnebProbe( 5939): ADAPTER_EVT type=content cls=android.widget.TextView desc=null txt_len=42 pkg=com.larus.nova t_boot_ns=8387295000000
08-02 01:06:27.445 I/AnebProbe( 5939): ADAPTER_EVT type=content cls=android.widget.TextView desc=null txt_len=42 pkg=com.larus.nova t_boot_ns=8387445000000
08-02 01:06:27.845 I/AnebProbe( 5939): ADAPTER_EVT type=content cls=android.widget.TextView desc=null txt_len=42 pkg=com.larus.nova t_boot_ns=8387845000000
08-02 01:06:28.945 I/AnebProbe( 5939): ADAPTER_EVT type=content cls=android.widget.TextView desc=null txt_len=42 pkg=com.larus.nova t_boot_ns=8388945000000
08-02 01:06:31.545 I/AnebProbe( 5939): ADAPTER_EVT type=content cls=android.widget.TextView desc=null txt_len=42 pkg=com.larus.nova t_boot_ns=8391545000000
08-02 01:06:35.745 I/AnebProbe( 5939): ADAPTER_EVT type=content cls=android.widget.TextView desc=null txt_len=42 pkg=com.larus.nova t_boot_ns=8395745000000
08-02 01:06:35.805 I/AnebProbe( 5939): ADAPTER_EVT type=content cls=android.widget.TextView desc=null txt_len=42 pkg=com.larus.nova t_boot_ns=8395805000000
08-02 01:06:35.895 I/AnebProbe( 5939): ADAPTER_EVT type=content cls=android.widget.TextView desc=null txt_len=42 pkg=com.larus.nova t_boot_ns=8395895000000
08-02 01:06:40.095 I/AnebProbe( 5939): ADAPTER_EVT type=content cls=android.widget.TextView desc=null txt_len=42 pkg=com.larus.nova t_boot_ns=8400095000000
08-02 01:06:40.445 I/AnebE4MARK( 6001): E4MARK kind=answer_complete n=9
08-02 01:06:42.045 I/AnebProbe( 5939): ADAPTER_EVT type=content cls=android.widget.TextView desc=null txt_len=42 pkg=com.larus.nova t_boot_ns=8402045000000
08-02 01:06:42.070 I/AnebProbe( 5939): ADAPTER_EVT type=content cls=android.widget.TextView desc=null txt_len=42 pkg=com.larus.nova t_boot_ns=8402070000000
08-02 01:06:42.100 I/AnebProbe( 5939): ADAPTER_EVT type=content cls=android.widget.TextView desc=null txt_len=42 pkg=com.larus.nova t_boot_ns=8402100000000
08-02 01:06:44.000 I/AnebProbe( 5939): ADAPTER_EVT type=content cls=android.widget.TextView desc=null txt_len=42 pkg=com.larus.nova t_boot_ns=8404000000000
08-02 01:06:44.150 I/AnebProbe( 5939): ADAPTER_EVT type=content cls=android.widget.TextView desc=null txt_len=42 pkg=com.larus.nova t_boot_ns=8404150000000
08-02 01:06:44.550 I/AnebProbe( 5939): ADAPTER_EVT type=content cls=android.widget.TextView desc=null txt_len=42 pkg=com.larus.nova t_boot_ns=8404550000000
08-02 01:06:45.650 I/AnebProbe( 5939): ADAPTER_EVT type=content cls=android.widget.TextView desc=null txt_len=42 pkg=com.larus.nova t_boot_ns=8405650000000
08-02 01:06:48.250 I/AnebProbe( 5939): ADAPTER_EVT type=content cls=android.widget.TextView desc=null txt_len=42 pkg=com.larus.nova t_boot_ns=8408250000000
08-02 01:06:52.450 I/AnebProbe( 5939): ADAPTER_EVT type=content cls=android.widget.TextView desc=null txt_len=42 pkg=com.larus.nova t_boot_ns=8412450000000
08-02 01:06:52.510 I/AnebProbe( 5939): ADAPTER_EVT type=content cls=android.widget.TextView desc=null txt_len=42 pkg=com.larus.nova t_boot_ns=8412510000000
08-02 01:06:52.600 I/AnebProbe( 5939): ADAPTER_EVT type=content cls=android.widget.TextView desc=null txt_len=42 pkg=com.larus.nova t_boot_ns=8412600000000
08-02 01:06:52.750 I/AnebProbe( 5939): ADAPTER_EVT type=content cls=android.widget.TextView desc=null txt_len=42 pkg=com.larus.nova t_boot_ns=8412750000000
08-02 01:06:53.150 I/AnebProbe( 5939): ADAPTER_EVT type=content cls=android.widget.TextView desc=null txt_len=42 pkg=com.larus.nova t_boot_ns=8413150000000
08-02 01:06:54.250 I/AnebProbe( 5939): ADAPTER_EVT type=content cls=android.widget.TextView desc=null txt_len=42 pkg=com.larus.nova t_boot_ns=8414250000000
08-02 01:06:56.850 I/AnebProbe( 5939): ADAPTER_EVT type=content cls=android.widget.TextView desc=null txt_len=42 pkg=com.larus.nova t_boot_ns=8416850000000
08-02 01:07:01.050 I/AnebProbe( 5939): ADAPTER_EVT type=content cls=android.widget.TextView desc=null txt_len=42 pkg=com.larus.nova t_boot_ns=8421050000000
08-02 01:07:01.110 I/AnebProbe( 5939): ADAPTER_EVT type=content cls=android.widget.TextView desc=null txt_len=42 pkg=com.larus.nova t_boot_ns=8421110000000
08-02 01:07:01.200 I/AnebProbe( 5939): ADAPTER_EVT type=content cls=android.widget.TextView desc=null txt_len=42 pkg=com.larus.nova t_boot_ns=8421200000000
08-02 01:07:01.350 I/AnebProbe( 5939): ADAPTER_EVT type=content cls=android.widget.TextView desc=null txt_len=42 pkg=com.larus.nova t_boot_ns=8421350000000
08-02 01:07:01.750 I/AnebProbe( 5939): ADAPTER_EVT type=content cls=android.widget.TextView desc=null txt_len=42 pkg=com.larus.nova t_boot_ns=8421750000000
08-02 01:07:02.850 I/AnebProbe( 5939): ADAPTER_EVT type=content cls=android.widget.TextView desc=null txt_len=42 pkg=com.larus.nova t_boot_ns=8422850000000
08-02 01:07:05.450 I/AnebProbe( 5939): ADAPTER_EVT type=content cls=android.widget.TextView desc=null txt_len=42 pkg=com.larus.nova t_boot_ns=8425450000000
08-02 01:07:09.650 I/AnebProbe( 5939): ADAPTER_EVT type=content cls=android.widget.TextView desc=null txt_len=42 pkg=com.larus.nova t_boot_ns=8429650000000
08-02 01:07:09.710 I/AnebProbe( 5939): ADAPTER_EVT type=content cls=android.widget.TextView desc=null txt_len=42 pkg=com.larus.nova t_boot_ns=8429710000000
08-02 01:07:09.800 I/AnebProbe( 5939): ADAPTER_EVT type=content cls=android.widget.TextView desc=null txt_len=42 pkg=com.larus.nova t_boot_ns=8429800000000
08-02 01:07:09.950 I/AnebProbe( 5939): ADAPTER_EVT type=content cls=android.widget.TextView desc=null txt_len=42 pkg=com.larus.nova t_boot_ns=8429950000000
08-02 01:07:10.350 I/AnebProbe( 5939): ADAPTER_EVT type=content cls=android.widget.TextView desc=null txt_len=42 pkg=com.larus.nova t_boot_ns=8430350000000
08-02 01:07:11.450 I/AnebProbe( 5939): ADAPTER_EVT type=content cls=android.widget.TextView desc=null txt_len=42 pkg=com.larus.nova t_boot_ns=8431450000000
08-02 01:07:14.050 I/AnebProbe( 5939): ADAPTER_EVT type=content cls=android.widget.TextView desc=null txt_len=42 pkg=com.larus.nova t_boot_ns=8434050000000
08-02 01:07:18.250 I/AnebProbe( 5939): ADAPTER_EVT type=content cls=android.widget.TextView desc=null txt_len=42 pkg=com.larus.nova t_boot_ns=8438250000000
08-02 01:07:18.310 I/AnebProbe( 5939): ADAPTER_EVT type=content cls=android.widget.TextView desc=null txt_len=42 pkg=com.larus.nova t_boot_ns=8438310000000
08-02 01:07:18.400 I/AnebProbe( 5939): ADAPTER_EVT type=content cls=android.widget.TextView desc=null txt_len=42 pkg=com.larus.nova t_boot_ns=8438400000000
08-02 01:07:18.550 I/AnebProbe( 5939): ADAPTER_EVT type=content cls=android.widget.TextView desc=null txt_len=42 pkg=com.larus.nova t_boot_ns=8438550000000
08-02 01:07:22.750 I/AnebProbe( 5939): ADAPTER_EVT type=content cls=android.widget.TextView desc=null txt_len=42 pkg=com.larus.nova t_boot_ns=8442750000000
08-02 01:07:23.100 I/AnebE4MARK( 6001): E4MARK kind=answer_complete n=10
