08-02 01:00:00.150 I/AnebProbe( 5939): ADAPTER_EVT type=content cls=android.widget.TextView desc=null txt_len=42 pkg=com.larus.nova t_boot_ns=8000150000000
08-02 01:00:00.150 I/AnebProbe( 5939): ADAPTER_EVT type=content cls=X desc=null txt_len=3 pkg=com.android.launcher t_boot_ns=8000150000001
08-02 01:00:00.150 I/AnebProbe( 5939): ADAPTER_EVT type=click cls=Y desc=null txt_len=0 pkg=com.larus.nova
08-02 01:00:00.175 I/AnebProbe( 5939): ADAPTER_EVT type=content cls=android.widget.TextView desc=null txt_len=42 pkg=com.larus.nova t_boot_ns=8000175000000
08-02 01:00:00.205 I/AnebProbe( 5939): ADAPTER_EVT type=content cls=android.widget.TextView desc=null txt_len=42 pkg=com.larus.nova t_boot_ns=8000205000000
08-02 01:00:02.105 I/AnebProbe( 5939): ADAPTER_EVT type=content cls=android.widget.TextView desc=null txt_len=42 pkg=com.larus.nova t_boot_ns=8002105000000
08-02 01:00:02.165 I/AnebProbe( 5939): ADAPTER_EVT type=content cls=android.widget.TextView desc=null txt_len=42 pkg=com.larus.nova t_boot_ns=8002165000000
08-02 01:00:02.255 I/AnebProbe( 5939): ADAPTER_EVT type=content cls=android.widget.TextView desc=null txt_len=42 pkg=com.larus.nova t_boot_ns=8002255000000
08-02 01:00:02.375 I/AnebProbe( 5939): ADAPTER_EVT type=content cls=android.widget.TextView desc=null txt_len=42 pkg=com.larus.nova t_boot_ns=8002375000000
08-02 01:00:02.575 I/AnebProbe( 5939): ADAPTER_EVT type=content cls=android.widget.TextView desc=null txt_len=42 pkg=com.larus.nova t_boot_ns=8002575000000
08-02 01:00:02.955 I/AnebProbe( 5939): ADAPTER_EVT type=content cls=android.widget.TextView desc=null txt_len=42 pkg=com.larus.nova t_boot_ns=8002955000000
08-02 01:00:03.595 I/AnebProbe( 5939): ADAPTER_EVT type=content cls=android.widget.TextView desc=null txt_len=42 pkg=com.larus.nova t_boot_ns=8003595000000
08-02 01:00:04.495 I/AnebProbe( 5939): ADAPTER_EVT type=content cls=android.widget.TextView desc=null txt_len=42 pkg=com.larus.nova t_boot_ns=8004495000000
08-02 01:00:04.555 I/AnebProbe( 5939): ADAPTER_EVT type=content cls=android.widget.TextView desc=null txt_len=42 pkg=com.larus.nova t_boot_ns=8004555000000
08-02 01:00:04.645 I/AnebProbe( 5939): ADAPTER_EVT type=content cls=android.widget.TextView desc=null txt_len=42 pkg=com.larus.nova t_boot_ns=8004645000000
08-02 01:00:04.765 I/AnebProbe( 5939): ADAPTER_EVT type=content cls=android.widget.TextView desc=null txt_len=42 pkg=com.larus.nova t_boot_ns=8004765000000
08-02 01:00:04.965 I/AnebProbe( 5939): ADAPTER_EVT type=content cls=android.widget.TextView desc=null txt_len=42 pkg=com.larus.nova t_boot_ns=8004965000000
08-02 01:00:05.345 I/AnebProbe( 5939): ADAPTER_EVT type=content cls=android.widget.TextView desc=null txt_len=42 pkg=com.larus.nova t_boot_ns=8005345000000
08-02 01:00:05.985 I/AnebProbe( 5939): ADAPTER_EVT type=content cls=android.widget.TextView desc=null txt_len=42 pkg=com.larus.nova t_boot_ns=8005985000000
08-02 01:00:06.885 I/AnebProbe( 5939): ADAPTER_EVT type=content cls=android.widget.TextView desc=null txt_len=42 pkg=com.larus.nova t_boot_ns=8006885000000
08-02 01:00:06.945 I/AnebProbe( 5939): ADAPTER_EVT type=content cls=android.widget.TextView desc=null txt_len=42 pkg=com.larus.nova t_boot_ns=8006945000000
08-02 01:00:07.035 I/AnebProbe( 5939): ADAPTER_EVT type=content cls=android.widget.TextView desc=null txt_len=42 pkg=com.larus.nova t_boot_ns=8007035000000
08-02 01:00:07.155 I/AnebProbe( 5939): ADAPTER_EVT type=content cls=android.widget.TextView desc=null txt_len=42 pkg=com.larus.nova t_boot_ns=8007155000000
08-02 01:00:07.355 I/AnebProbe( 5939): ADAPTER_EVT type=content cls=android.widget.TextView desc=null txt_len=42 pkg=com.larus.nova t_boot_ns=8007355000000
08-02 01:00:07.735 I/AnebProbe( 5939): ADAPTER_EVT type=content cls=android.widget.TextView desc=null txt_len=42 pkg=com.larus.nova t_boot_ns=8007735000000
08-02 01:00:08.375 I/AnebProbe( 5939): ADAPTER_EVT type=content cls=android.widget.TextView desc=null txt_len=42 pkg=com.larus.nova t_boot_ns=8008375000000
08-02 01:00:09.275 I/AnebProbe( 5939): ADAPTER_EVT type=content cls=android.widget.TextView desc=null txt_len=42 pkg=com.larus.nova t_boot_ns=8009275000000
08-02 01:00:09.335 I/AnebProbe( 5939): ADAPTER_EVT type=content cls=android.widget.TextView desc=null txt_len=42 pkg=com.larus.nova t_boot_ns=8009335000000
08-02 01:00:09.425 I/AnebProbe( 5939): ADAPTER_EVT type=content cls=android.widget.TextView desc=null txt_len=42 pkg=com.larus.nova t_boot_ns=8009425000000
08-02 01:00:09.545 I/AnebProbe( 5939): ADAPTER_EVT type=content cls=android.widget.TextView desc=null txt_len=42 pkg=com.larus.nova t_boot_ns=8009545000000
08-02 01:00:09.745 I/AnebProbe( 5939): ADAPTER_EVT type=content cls=android.widget.TextView desc=null txt_len=42 pkg=com.larus.nova t_boot_ns=8009745000000
08-02 01:00:10.125 I/AnebProbe( 5939): ADAPTER_EVT type=content cls=android.widget.TextView desc=null txt_len=42 pkg=com.larus.nova t_boot_ns=8010125000000
08-02 01:00:10.765 I/AnebProbe( 5939): ADAPTER_EVT type=content cls=android.widget.TextView desc=null txt_len=42 pkg=com.larus.nova t_boot_ns=8010765000000
08-02 01:00:11.665 I/AnebProbe( 5939): ADAPTER_EVT type=content cls=android.widget.TextView desc=null txt_len=42 pkg=com.larus.nova t_boot_ns=8011665000000
08-02 01:00:11.725 I/AnebProbe( 5939): ADAPTER_EVT type=content cls=android.widget.TextView desc=null txt_len=42 pkg=com.larus.nova t_boot_ns=8011725000000
08-02 01:00:12.625 I/AnebProbe( 5939): ADAPTER_EVT type=content cls=android.widget.TextView desc=null txt_len=42 pkg=com.larus.nova t_boot_ns=8012625000000
08-02 01:00:12.975 I/AnebE4MARK( 6001): E4MARK kind=answer_complete n=1
08-02 01:00:15.775 I/AnebProbe( 5939): ADAPTER_EVT type=content cls=android.widget.TextView desc=null txt_len=42 pkg=com.larus.nova t_boot_ns=8015775000000
08-02 01:00:15.800 I/AnebProbe( 5939): ADAPTER_EVT type=content cls=android.widget.TextView desc=null txt_len=42 pkg=com.larus.nova t_boot_ns=8015800000000
08-02 01:00:15.830 I/AnebProbe( 5939): ADAPTER_EVT type=content cls=android.widget.TextView desc=null txt_len=42 pkg=com.larus.nova t_boot_ns=8015830000000
08-02 01:00:17.730 I/AnebProbe( 5939): ADAPTER_EVT type=content cls=android.widget.TextView desc=null txt_len=42 pkg=com.larus.nova t_boot_ns=8017730000000
08-02 01:00:17.820 I/AnebProbe( 5939): ADAPTER_EVT type=content cls=android.widget.TextView desc=null txt_len=42 pkg=com.larus.nova t_boot_ns=8017820000000
08-02 01:00:17.940 I/AnebProbe( 5939): ADAPTER_EVT type=content cls=android.widget.TextView desc=null txt_len=42 pkg=com.larus.nova t_boot_ns=8017940000000
08-02 01:00:18.140 I/AnebProbe( 5939): ADAPTER_EVT type=content cls=android.widget.TextView desc=null txt_len=42 pkg=com.larus.nova t_boot_ns=8018140000000
08-02 01:00:18.520 I/AnebProbe( 5939): ADAPTER_EVT type=content cls=android.widget.TextView desc=null txt_len=42 pkg=com.larus.nova t_boot_ns=8018520000000
08-02 01:00:19.160 I/AnebProbe( 5939): ADAPTER_EVT type=content cls=android.widget.TextView desc=null txt_len=42 pkg=com.larus.nova t_boot_ns=8019160000000
08-02 01:00:20.060 I/AnebProbe( 5939): ADAPTER_EVT type=content cls=android.widget.TextView desc=null txt_len=42 pkg=com.larus.nova t_boot_ns=8020060000000
08-02 01:00:20.120 I/AnebProbe( 5939): ADAPTER_EVT type=content cls=android.widget.TextView desc=null txt_len=42 pkg=com.larus.nova t_boot_ns=8020120000000
08-02 01:00:20.210 I/AnebProbe( 5939): ADAPTER_EVT type=content cls=android.widget.TextView desc=null txt_len=42 pkg=com.larus.nova t_boot_ns=8020210000000
08-02 01:00:20.330 I/AnebProbe( 5939): ADAPTER_EVT type=content cls=android.widget.TextView desc=null txt_len=42 pkg=com.larus.nova t_boot_ns=8020330000000
08-02 01:00:20.530 I/AnebProbe( 5939): ADAPTER_EVT type=content cls=android.widget.TextView desc=null txt_len=42 pkg=com.larus.nova t_boot_ns=8020530000000
08-02 01:00:20.910 I/AnebProbe( 5939): ADAPTER_EVT type=content cls=android.widget.TextView desc=null txt_len=42 pkg=com.larus.nova t_boot_ns=8020910000000
08-02 01:00:21.550 I/AnebProbe( 5939): ADAPTER_EVT type=content cls=android.widget.TextView desc=null txt_len=42 pkg=com.larus.nova t_boot_ns=8021550000000
08-02 01:00:22.450 I/AnebProbe( 5939): ADAPTER_EVT type=content cls=android.widget.TextView desc=null txt_len=42 pkg=com.larus.nova t_boot_ns=8022450000000
08-02 01:00:22.510 I/AnebProbe( 5939): ADAPTER_EVT type=content cls=android.widget.TextView desc=null txt_len=42 pkg=com.larus.nova t_boot_ns=8022510000000
08-02 01:00:22.600 I/AnebProbe( 5939): ADAPTER_EVT type=content cls=android.widget.TextView desc=null txt_len=42 pkg=com.larus.nova t_boot_ns=8022600000000
08-02 01:00:22.720 I/AnebProbe( 5939): ADAPTER_EVT type=content cls=android.widget.TextView desc=null txt_len=42 pkg=com.larus.nova t_boot_ns=8022720000000
08-02 01:00:22.920 I/AnebProbe( 5939): ADAPTER_EVT type=content cls=android.widget.TextView desc=null txt_len=42 pkg=com.larus.nova t_boot_ns=8022920000000
08-02 01:00:23.300 I/AnebProbe( 5939): ADAPTER_EVT type=content cls=android.widget.TextView desc=null txt_len=42 pkg=com.larus.nova t_boot_ns=8023300000000
08-02 01:00:23.940 I/AnebProbe( 5939): ADAPTER_EVT type=content cls=android.widget.TextView desc=null txt_len=42 pkg=com.larus.nova t_boot_ns=8023940000000
08-02 01:00:24.840 I/AnebProbe( 5939): ADAPTER_EVT type=content cls=android.widget.TextView desc=null txt_len=42 pkg=com.larus.nova t_boot_ns=8024840000000
08-02 01:00:24.900 I/AnebProbe( 5939): ADAPTER_EVT type=content cls=android.widget.TextView desc=null txt_len=42 pkg=com.larus.nova t_boot_ns=8024900000000
08-02 01:00:24.990 I/AnebProbe( 5939): ADAPTER_EVT type=content cls=android.widget.TextView desc=null txt_len=42 pkg=com.larus.nova t_boot_ns=8024990000000
08-02 01:00:25.110 I/AnebProbe( 5939): ADAPTER_EVT type=content cls=android.widget.TextView desc=null txt_len=42 pkg=com.larus.nova t_boot_ns=8025110000000
08-02 01:00:25.310 I/AnebProbe( 5939): ADAPTER_EVT type=content cls=android.widget.TextView desc=null txt_len=42 pkg=com.larus.nova t_boot_ns=8025310000000
08-02 01:00:25.690 I/AnebProbe( 5939): ADAPTER_EVT type=content cls=android.widget.TextView desc=null txt_len=42 pkg=com.larus.nova t_boot_ns=8025690000000
08-02 01:00:26.330 I/AnebProbe( 5939): ADAPTER_EVT type=content cls=android.widget.TextView desc=null txt_len=42 pkg=com.larus.nova t_boot_ns=8026330000000
08-02 01:00:27.230 I/AnebProbe( 5939): ADAPTER_EVT type=content cls=android.widget.TextView desc=null txt_len=42 pkg=com.larus.nova t_boot_ns=8027230000000
08-02 01:00:27.290 I/AnebProbe( 5939): ADAPTER_EVT type=content cls=android.widget.TextView desc=null txt_len=42 pkg=com.larus.nova t_boot_ns=8027290000000
08-02 01:00:27.380 I/AnebProbe( 5939): ADAPTER_EVT type=content cls=android.widget.TextView desc=null txt_len=42 pkg=com.larus.nova t_boot_ns=8027380000000
08-02 01:00:28.280 I/AnebProbe( 5939): ADAPTER_EVT type=content cls=android.widget.TextView desc=null txt_len=42 pkg=com.larus.nova t_boot_ns=8028280000000
08-02 01:00:28.630 I/AnebE4MARK( 6001): E4MARK kind=answer_complete n=2
08-02 01:00:32.630 I/AnebProbe( 5939): ADAPTER_EVT type=content cls=android.widget.TextView desc=null txt_len=42 pkg=com.larus.nova t_boot_ns=8032630000000
08-02 01:00:32.655 I/AnebProbe( 5939): ADAPTER_EVT type=content cls=android.widget.TextView desc=null txt_len=42 pkg=com.larus.nova t_boot_ns=8032655000000
08-02 01:00:32.685 I/AnebProbe( 5939): ADAPTER_EVT type=content cls=android.widget.TextView desc=null txt_len=42 pkg=com.larus.nova t_boot_ns=8032685000000
08-02 01:00:34.585 I/AnebProbe( 5939): ADAPTER_EVT type=content cls=android.widget.TextView desc=null txt_len=42 pkg=com.larus.nova t_boot_ns=8034585000000
08-02 01:00:34.705 I/AnebProbe( 5939): ADAPTER_EVT type=content cls=android.widget.TextView desc=null txt_len=42 pkg=com.larus.nova t_boot_ns=8034705000000
08-02 01:00:34.905 I/AnebProbe( 5939): ADAPTER_EVT type=content cls=android.widget.TextView desc=null txt_len=42 pkg=com.larus.nova t_boot_ns=8034905000000
08-02 01:00:35.285 I/AnebProbe( 5939): ADAPTER_EVT type=content cls=android.widget.TextView desc=null txt_len=42 pkg=com.larus.nova t_boot_ns=8035285000000
08-02 01:00:35.925 I/AnebProbe( 5939): ADAPTER_EVT type=content cls=android.widget.TextView desc=null txt_len=42 pkg=com.larus.nova t_boot_ns=8035925000000
08-02 01:00:36.825 I/AnebProbe( 5939): ADAPTER_EVT type=content cls=android.widget.TextView desc=null txt_len=42 pkg=com.larus.nova t_boot_ns=8036825000000
08-02 01:00:36.885 I/AnebProbe( 5939): ADAPTER_EVT type=content cls=android.widget.TextView desc=null txt_len=42 pkg=com.larus.nova t_boot_ns=8036885000000
08-02 01:00:36.975 I/AnebProbe( 5939): ADAPTER_EVT type=content cls=android.widget.TextView desc=null txt_len=42 pkg=com.larus.nova t_boot_ns=8036975000000
08-02 01:00:37.095 I/AnebProbe( 5939): ADAPTER_EVT type=content cls=android.widget.TextView desc=null txt_len=42 pkg=com.larus.nova t_boot_ns=8037095000000
08-02 01:00:37.295 I/AnebProbe( 5939): ADAPTER_EVT type=content cls=android.widget.TextView desc=null txt_len=42 pkg=com.larus.nova t_boot_ns=8037295000000
08-02 01:00:37.675 I/AnebProbe( 5939): ADAPTER_EVT type=content cls=android.widget.TextView desc=null txt_len=42 pkg=com.larus.nova t_boot_ns=8037675000000
08-02 01:00:38.315 I/AnebProbe( 5939): ADAPTER_EVT type=content cls=android.widget.TextView desc=null txt_len=42 pkg=com.larus.nova t_boot_ns=8038315000000
08-02 01:00:39.215 I/AnebProbe( 5939): ADAPTER_EVT type=content cls=android.widget.TextView desc=null txt_len=42 pkg=com.larus.nova t_boot_ns=8039215000000
08-02 01:00:39.275 I/AnebProbe( 5939): ADAPTER_EVT type=content cls=android.widget.TextView desc=null txt_len=42 pkg=com.larus.nova t_boot_ns=8039275000000
08-02 01:00:39.365 I/AnebProbe( 5939): ADAPTER_EVT type=content cls=android.widget.TextView desc=null txt_len=42 pkg=com.larus.nova t_boot_ns=8039365000000
08-02 01:00:39.485 I/AnebProbe( 5939): ADAPTER_EVT type=content cls=android.widget.TextView desc=null txt_len=42 pkg=com.larus.nova t_boot_ns=8039485000000
08-02 01:00:39.685 I/AnebProbe( 5939): ADAPTER_EVT type=content cls=android.widget.TextView desc=null txt_len=42 pkg=com.larus.nova t_boot_ns=8039685000000
08-02 01:00:40.065 I/AnebProbe( 5939): ADAPTER_EVT type=content cls=android.widget.TextView desc=null txt_len=42 pkg=com.larus.nova t_boot_ns=8040065000000
08-02 01:00:40.705 I/AnebProbe( 5939): ADAPTER_EVT type=content cls=android.widget.TextView desc=null txt_len=42 pkg=com.larus.nova t_boot_ns=8040705000000
08-02 01:00:41.605 I/AnebProbe( 5939): ADAPTER_EVT type=content cls=android.widget.TextView desc=null txt_len=42 pkg=com.larus.nova t_boot_ns=8041605000000
08-02 01:00:41.665 I/AnebProbe( 5939): ADAPTER_EVT type=content cls=android.widget.TextView desc=null txt_len=42 pkg=com.larus.nova t_boot_ns=8041665000000
08-02 01:00:41.755 I/AnebProbe( 5939): ADAPTER_EVT type=content cls=android.widget.TextView desc=null txt_len=42 pkg=com.larus.nova t_boot_ns=8041755000000
08-02 01:00:41.875 I/AnebProbe( 5939): ADAPTER_EVT type=content cls=android.widget.TextView desc=null txt_len=42 pkg=com.larus.nova t_boot_ns=8041875000000
08-02 01:00:42.075 I/AnebProbe( 5939): ADAPTER_EVT type=content cls=android.widget.TextView desc=null txt_len=42 pkg=com.larus.nova t_boot_ns=8042075000000
08-02 01:00:42.455 I/AnebProbe( 5939): ADAPTER_EVT type=content cls=android.widget.TextView desc=null txt_len=42 pkg=com.larus.nova t_boot_ns=8042455000000
08-02 01:00:43.095 I/AnebProbe( 5939): ADAPTER_EVT type=content cls=android.widget.TextView desc=null txt_len=42 pkg=com.larus.nova t_boot_ns=8043095000000
08-02 01:00:43.995 I/AnebProbe( 5939): ADAPTER_EVT type=content cls=android.widget.TextView desc=null txt_len=42 pkg=com.larus.nova t_boot_ns=8043995000000
08-02 01:00:44.055 I/AnebProbe( 5939): ADAPTER_EVT type=content cls=android.widget.TextView desc=null txt_len=42 pkg=com.larus.nova t_boot_ns=8044055000000
08-02 01:00:44.145 I/AnebProbe( 5939): ADAPTER_EVT type=content cls=android.widget.TextView desc=null txt_len=42 pkg=com.larus.nova t_boot_ns=8044145000000
08-02 01:00:44.265 I/AnebProbe( 5939): ADAPTER_EVT type=content cls=android.widget.TextView desc=null txt_len=42 pkg=com.larus.nova t_boot_ns=8044265000000
08-02 01:00:45.165 I/AnebProbe( 5939): ADAPTER_EVT type=content cls=android.widget.TextView desc=null txt_len=42 pkg=com.larus.nova t_boot_ns=8045165000000
08-02 01:00:45.515 I/AnebE4MARK( 6001): E4MARK kind=answer_complete n=3
08-02 01:00:50.815 I/AnebProbe( 5939): ADAPTER_EVT type=content cls=android.widget.TextView desc=null txt_len=42 pkg=com.larus.nova t_boot_ns=8050815000000
08-02 01:00:50.840 I/AnebProbe( 5939): ADAPTER_EVT type=content cls=android.widget.TextView desc=null txt_len=42 pkg=com.larus.nova t_boot_ns=8050840000000
08-02 01:00:50.870 I/AnebProbe( 5939): ADAPTER_EVT type=content cls=android.widget.TextView desc=null txt_len=42 pkg=com.larus.nova t_boot_ns=8050870000000
08-02 01:00:52.770 I/AnebProbe( 5939): ADAPTER_EVT type=content cls=android.widget.TextView desc=null txt_len=42 pkg=com.larus.nova t_boot_ns=8052770000000
08-02 01:00:52.970 I/AnebProbe( 5939): ADAPTER_EVT type=content cls=android.widget.TextView desc=null txt_len=42 pkg=com.larus.nova t_boot_ns=8052970000000
08-02 01:00:53.350 I/AnebProbe( 5939): ADAPTER_EVT type=content cls=android.widget.TextView desc=null txt_len=42 pkg=com.larus.nova t_boot_ns=8053350000000
08-02 01:00:53.990 I/AnebProbe( 5939): ADAPTER_EVT type=content cls=android.widget.TextView desc=null txt_len=42 pkg=com.larus.nova t_boot_ns=8053990000000
08-02 01:00:54.890 I/AnebProbe( 5939): ADAPTER_EVT type=content cls=android.widget.TextView desc=null txt_len=42 pkg=com.larus.nova t_boot_ns=8054890000000
08-02 01:00:54.950 I/AnebProbe( 5939): ADAPTER_EVT type=content cls=android.widget.TextView desc=null txt_len=42 pkg=com.larus.nova t_boot_ns=8054950000000
08-02 01:00:55.040 I/AnebProbe( 5939): ADAPTER_EVT type=content cls=android.widget.TextView desc=null txt_len=42 pkg=com.larus.nova t_boot_ns=8055040000000
08-02 01:00:55.160 I/AnebProbe( 5939): ADAPTER_EVT type=content cls=android.widget.TextView desc=null txt_len=42 pkg=com.larus.nova t_boot_ns=8055160000000
08-02 01:00:55.360 I/AnebProbe( 5939): ADAPTER_EVT type=content cls=android.widget.TextView desc=null txt_len=42 pkg=com.larus.nova t_boot_ns=8055360000000
08-02 01:00:55.740 I/AnebProbe( 5939): ADAPTER_EVT type=content cls=android.widget.TextView desc=null txt_len=42 pkg=com.larus.nova t_boot_ns=8055740000000
08-02 01:00:56.380 I/AnebProbe( 5939): ADAPTER_EVT type=content cls=android.widget.TextView desc=null txt_len=42 pkg=com.larus.nova t_boot_ns=8056380000000
08-02 01:00:57.280 I/AnebProbe( 5939): ADAPTER_EVT type=content cls=android.widget.TextView desc=null txt_len=42 pkg=com.larus.nova t_boot_ns=8057280000000
08-02 01:00:57.340 I/AnebProbe( 5939): ADAPTER_EVT type=content cls=android.widget.TextView desc=null txt_len=42 pkg=com.larus.nova t_boot_ns=8057340000000
08-02 01:00:57.430 I/AnebProbe( 5939): ADAPTER_EVT type=content cls=android.widget.TextView desc=null txt_len=42 pkg=com.larus.nova t_boot_ns=8057430000000
08-02 01:00:57.550 I/AnebProbe( 5939): ADAPTER_EVT type=content cls=android.widget.TextView desc=null txt_len=42 pkg=com.larus.nova t_boot_ns=8057550000000
08-02 01:00:57.750 I/AnebProbe( 5939): ADAPTER_EVT type=content cls=android.widget.TextView desc=null txt_len=42 pkg=com.larus.nova t_boot_ns=8057750000000
08-02 01:00:58.130 I/AnebProbe( 5939): ADAPTER_EVT type=content cls=android.widget.TextView desc=null txt_len=42 pkg=com.larus.nova t_boot_ns=8058130000000
08-02 01:00:58.770 I/AnebProbe( 5939): ADAPTER_EVT type=content cls=android.widget.TextView desc=null txt_len=42 pkg=com.larus.nova t_boot_ns=8058770000000
08-02 01:00:59.670 I/AnebProbe( 5939): ADAPTER_EVT type=content cls=android.widget.TextView desc=null txt_len=42 pkg=com.larus.nova t_boot_ns=8059670000000
08-02 01:00:59.730 I/AnebProbe( 5939): ADAPTER_EVT type=content cls=android.widget.TextView desc=null txt_len=42 pkg=com.larus.nova t_boot_ns=8059730000000
08-02 01:00:59.820 I/AnebProbe( 5939): ADAPTER_EVT type=content cls=android.widget.TextView desc=null txt_len=42 pkg=com.larus.nova t_boot_ns=8059820000000
08-02 01:00:59.940 I/AnebProbe( 5939): ADAPTER_EVT type=content cls=android.widget.TextView desc=null txt_len=42 pkg=com.larus.nova t_boot_ns=8059940000000
08-02 01:01:00.140 I/AnebProbe( 5939): ADAPTER_EVT type=content cls=android.widget.TextView desc=null txt_len=42 pkg=com.larus.nova t_boot_ns=8060140000000
08-02 01:01:00.520 I/AnebProbe( 5939): ADAPTER_EVT type=content cls=android.widget.TextView desc=null txt_len=42 pkg=com.larus.nova t_boot_ns=8060520000000
08-02 01:01:01.160 I/AnebProbe( 5939): ADAPTER_EVT type=content cls=android.widget.TextView desc=null txt_len=42 pkg=com.larus.nova t_boot_ns=8061160000000
08-02 01:01:02.060 I/AnebProbe( 5939): ADAPTER_EVT type=content cls=android.widget.TextView desc=null txt_len=42 pkg=com.larus.nova t_boot_ns=8062060000000
08-02 01:01:02.120 I/AnebProbe( 5939): ADAPTER_EVT type=content cls=android.widget.TextView desc=null txt_len=42 pkg=com.larus.nova t_boot_ns=8062120000000
08-02 01:01:02.210 I/AnebProbe( 5939): ADAPTER_EVT type=content cls=android.widget.TextView desc=null txt_len=42 pkg=com.larus.nova t_boot_ns=8062210000000
08-02 01:01:02.330 I/AnebProbe( 5939): ADAPTER_EVT type=content cls=android.widget.TextView desc=null txt_len=42 pkg=com.larus.nova t_boot_ns=8062330000000
08-02 01:01:02.530 I/AnebProbe( 5939): ADAPTER_EVT type=content cls=android.widget.TextView desc=null txt_len=42 pkg=com.larus.nova t_boot_ns=8062530000000
08-02 01:01:03.430 I/AnebProbe( 5939): ADAPTER_EVT type=content cls=android.widget.TextView desc=null txt_len=42 pkg=com.larus.nova t_boot_ns=8063430000000
08-02 01:01:03.780 I/AnebE4MARK( 6001): E4MARK kind=answer_complete n=4
08-02 01:01:09.580 I/AnebProbe( 5939): ADAPTER_EVT type=content cls=android.widget.TextView desc=null txt_len=42 pkg=com.larus.nova t_boot_ns=8069580000000
08-02 01:01:09.605 I/AnebProbe( 5939): ADAPTER_EVT type=content cls=android.widget.TextView desc=null txt_len=42 pkg=com.larus.nova t_boot_ns=8069605000000
08-02 01:01:09.635 I/AnebProbe( 5939): ADAPTER_EVT type=content cls=android.widget.TextView desc=null txt_len=42 pkg=com.larus.nova t_boot_ns=8069635000000
08-02 01:01:11.535 I/AnebProbe( 5939): ADAPTER_EVT type=content cls=android.widget.TextView desc=null txt_len=42 pkg=com.larus.nova t_boot_ns=8071535000000
08-02 01:01:11.915 I/AnebProbe( 5939): ADAPTER_EVT type=content cls=android.widget.TextView desc=null txt_len=42 pkg=com.larus.nova t_boot_ns=8071915000000
08-02 01:01:12.555 I/AnebProbe( 5939): ADAPTER_EVT type=content cls=android.widget.TextView desc=null txt_len=42 pkg=com.larus.nova t_boot_ns=8072555000000
08-02 01:01:13.455 I/AnebProbe( 5939): ADAPTER_EVT type=content cls=android.widget.TextView desc=null txt_len=42 pkg=com.larus.nova t_boot_ns=8073455000000
08-02 01:01:13.515 I/AnebProbe( 5939): ADAPTER_EVT type=content cls=android.widget.TextView desc=null txt_len=42 pkg=com.larus.nova t_boot_ns=8073515000000
08-02 01:01:13.605 I/AnebProbe( 5939): ADAPTER_EVT type=content cls=android.widget.TextView desc=null txt_len=42 pkg=com.larus.nova t_boot_ns=8073605000000
08-02 01:01:13.725 I/AnebProbe( 5939): ADAPTER_EVT type=content cls=android.widget.TextView desc=null txt_len=42 pkg=com.larus.nova t_boot_ns=8073725000000
08-02 01:01:13.925 I/AnebProbe( 5939): ADAPTER_EVT type=content cls=android.widget.TextView desc=null txt_len=42 pkg=com.larus.nova t_boot_ns=8073925000000
08-02 01:01:14.305 I/AnebProbe( 5939): ADAPTER_EVT type=content cls=android.widget.TextView desc=null txt_len=42 pkg=com.larus.nova t_boot_ns=8074305000000
08-02 01:01:14.945 I/AnebProbe( 5939): ADAPTER_EVT type=content cls=android.widget.TextView desc=null txt_len=42 pkg=com.larus.nova t_boot_ns=8074945000000
08-02 01:01:15.845 I/AnebProbe( 5939): ADAPTER_EVT type=content cls=android.widget.TextView desc=null txt_len=42 pkg=com.larus.nova t_boot_ns=8075845000000
08-02 01:01:15.905 I/AnebProbe( 5939): ADAPTER_EVT type=content cls=android.widget.TextView desc=null txt_len=42 pkg=com.larus.nova t_boot_ns=8075905000000
08-02 01:01:15.995 I/AnebProbe( 5939): ADAPTER_EVT type=content cls=android.widget.TextView desc=null txt_len=42 pkg=com.larus.nova t_boot_ns=8075995000000
08-02 01:01:16.115 I/AnebProbe( 5939): ADAPTER_EVT type=content cls=android.widget.TextView desc=null txt_len=42 pkg=com.larus.nova t_boot_ns=8076115000000
08-02 01:01:16.315 I/AnebProbe( 5939): ADAPTER_EVT type=content cls=android.widget.TextView desc=null txt_len=42 pkg=com.larus.nova t_boot_ns=8076315000000
08-02 01:01:16.695 I/AnebProbe( 5939): ADAPTER_EVT type=content cls=android.widget.TextView desc=null txt_len=42 pkg=com.larus.nova t_boot_ns=8076695000000
08-02 01:01:17.335 I/AnebProbe( 5939): ADAPTER_EVT type=content cls=android.widget.TextView desc=null txt_len=42 pkg=com.larus.nova t_boot_ns=8077335000000
08-02 01:01:18.235 I/AnebProbe( 5939): ADAPTER_EVT type=content cls=android.widget.TextView desc=null txt_len=42 pkg=com.larus.nova t_boot_ns=8078235000000
08-02 01:01:18.295 I/AnebProbe( 5939): ADAPTER_EVT type=content cls=android.widget.TextView desc=null txt_len=42 pkg=com.larus.nova t_boot_ns=8078295000000
08-02 01:01:18.385 I/AnebProbe( 5939): ADAPTER_EVT type=content cls=android.widget.TextView desc=null txt_len=42 pkg=com.larus.nova t_boot_ns=8078385000000
08-02 01:01:18.505 I/AnebProbe( 5939): ADAPTER_EVT type=content cls=android.widget.TextView desc=null txt_len=42 pkg=com.larus.nova t_boot_ns=8078505000000
08-02 01:01:18.705 I/AnebProbe( 5939): ADAPTER_EVT type=content cls=android.widget.TextView desc=null txt_len=42 pkg=com.larus.nova t_boot_ns=8078705000000
08-02 01:01:19.085 I/AnebProbe( 5939): ADAPTER_EVT type=content cls=android.widget.TextView desc=null txt_len=42 pkg=com.larus.nova t_boot_ns=8079085000000
08-02 01:01:19.725 I/AnebProbe( 5939): ADAPTER_EVT type=content cls=android.widget.TextView desc=null txt_len=42 pkg=com.larus.nova t_boot_ns=8079725000000
08-02 01:01:20.625 I/AnebProbe( 5939): ADAPTER_EVT type=content cls=android.widget.TextView desc=null txt_len=42 pkg=com.larus.nova t_boot_ns=8080625000000
08-02 01:01:20.685 I/AnebProbe( 5939): ADAPTER_EVT type=content cls=android.widget.TextView desc=null txt_len=42 pkg=com.larus.nova t_boot_ns=8080685000000
08-02 01:01:20.775 I/AnebProbe( 5939): ADAPTER_EVT type=content cls=android.widget.TextView desc=null txt_len=42 pkg=com.larus.nova t_boot_ns=8080775000000
08-02 01:01:20.895 I/AnebProbe( 5939): ADAPTER_EVT type=content cls=android.widget.TextView desc=null txt_len=42 pkg=com.larus.nova t_boot_ns=8080895000000
08-02 01:01:21.095 I/AnebProbe( 5939): ADAPTER_EVT type=content cls=android.widget.TextView desc=null txt_len=42 pkg=com.larus.nova t_boot_ns=8081095000000
08-02 01:01:21.475 I/AnebProbe( 5939): ADAPTER_EVT type=content cls=android.widget.TextView desc=null txt_len=42 pkg=com.larus.nova t_boot_ns=8081475000000
08-02 01:01:22.375 I/AnebProbe( 5939): ADAPTER_EVT type=content cls=android.widget.TextView desc=null txt_len=42 pkg=com.larus.nova t_boot_ns=8082375000000
08-02 01:01:22.725 I/AnebE4MARK( 6001): E4MARK kind=answer_complete n=5
08-02 01:01:25.525 I/AnebProbe( 5939): ADAPTER_EVT type=content cls=android.widget.TextView desc=null txt_len=42 pkg=com.larus.nova t_boot_ns=8085525000000
08-02 01:01:25.550 I/AnebProbe( 5939): ADAPTER_EVT type=content cls=android.widget.TextView desc=null txt_len=42 pkg=com.larus.nova t_boot_ns=8085550000000
08-02 01:01:25.580 I/AnebProbe( 5939): ADAPTER_EVT type=content cls=android.widget.TextView desc=null txt_len=42 pkg=com.larus.nova t_boot_ns=8085580000000
08-02 01:01:27.480 I/AnebProbe( 5939): ADAPTER_EVT type=content cls=android.widget.TextView desc=null txt_len=42 pkg=com.larus.nova t_boot_ns=8087480000000
08-02 01:01:28.120 I/AnebProbe( 5939): ADAPTER_EVT type=content cls=android.widget.TextView desc=null txt_len=42 pkg=com.larus.nova t_boot_ns=8088120000000
08-02 01:01:29.020 I/AnebProbe( 5939): ADAPTER_EVT type=content cls=android.widget.TextView desc=null txt_len=42 pkg=com.larus.nova t_boot_ns=8089020000000
08-02 01:01:29.080 I/AnebProbe( 5939): ADAPTER_EVT type=content cls=android.widget.TextView desc=null txt_len=42 pkg=com.larus.nova t_boot_ns=8089080000000
08-02 01:01:29.170 I/AnebProbe( 5939): ADAPTER_EVT type=content cls=android.widget.TextView desc=null txt_len=42 pkg=com.larus.nova t_boot_ns=8089170000000
08-02 01:01:29.290 I/AnebProbe( 5939): ADAPTER_EVT type=content cls=android.widget.TextView desc=null txt_len=42 pkg=com.larus.nova t_boot_ns=8089290000000
08-02 01:01:29.490 I/AnebProbe( 5939): ADAPTER_EVT type=content cls=android.widget.TextView desc=null txt_len=42 pkg=com.larus.nova t_boot_ns=8089490000000
08-02 01:01:29.870 I/AnebProbe( 5939): ADAPTER_EVT type=content cls=android.widget.TextView desc=null txt_len=42 pkg=com.larus.nova t_boot_ns=8089870000000
08-02 01:01:30.510 I/AnebProbe( 5939): ADAPTER_EVT type=content cls=android.widget.TextView desc=null txt_len=42 pkg=com.larus.nova t_boot_ns=8090510000000
08-02 01:01:31.410 I/AnebProbe( 5939): ADAPTER_EVT type=content cls=android.widget.TextView desc=null txt_len=42 pkg=com.larus.nova t_boot_ns=8091410000000
08-02 01:01:31.470 I/AnebProbe( 5939): ADAPTER_EVT type=content cls=android.widget.TextView desc=null txt_len=42 pkg=com.larus.nova t_boot_ns=8091470000000
08-02 01:01:31.560 I/AnebProbe( 5939): ADAPTER_EVT type=content cls=android.widget.TextView desc=null txt_len=42 pkg=com.larus.nova t_boot_ns=8091560000000
08-02 01:01:31.680 I/AnebProbe( 5939): ADAPTER_EVT type=content cls=android.widget.TextView desc=null txt_len=42 pkg=com.larus.nova t_boot_ns=8091680000000
08-02 01:01:31.880 I/AnebProbe( 5939): ADAPTER_EVT type=content cls=android.widget.TextView desc=null txt_len=42 pkg=com.larus.nova t_boot_ns=8091880000000
08-02 01:01:32.260 I/AnebProbe( 5939): ADAPTER_EVT type=content cls=android.widget.TextView desc=null txt_len=42 pkg=com.larus.nova t_boot_ns=8092260000000
08-02 01:01:32.900 I/AnebProbe( 5939): ADAPTER_EVT type=content cls=android.widget.TextView desc=null txt_len=42 pkg=com.larus.nova t_boot_ns=8092900000000
08-02 01:01:33.800 I/AnebProbe( 5939): ADAPTER_EVT type=content cls=android.widget.TextView desc=null txt_len=42 pkg=com.larus.nova t_boot_ns=8093800000000
08-02 01:01:33.860 I/AnebProbe( 5939): ADAPTER_EVT type=content cls=android.widget.TextView desc=null txt_len=42 pkg=com.larus.nova t_boot_ns=8093860000000
08-02 01:01:33.950 I/AnebProbe( 5939): ADAPTER_EVT type=content cls=android.widget.TextView desc=null txt_len=42 pkg=com.larus.nova t_boot_ns=8093950000000
08-02 01:01:34.070 I/AnebProbe( 5939): ADAPTER_EVT type=content cls=android.widget.TextView desc=null txt_len=42 pkg=com.larus.nova t_boot_ns=8094070000000
08-02 01:01:34.270 I/AnebProbe( 5939): ADAPTER_EVT type=content cls=android.widget.TextView desc=null txt_len=42 pkg=com.larus.nova t_boot_ns=8094270000000
08-02 01:01:34.650 I/AnebProbe( 5939): ADAPTER_EVT type=content cls=android.widget.TextView desc=null txt_len=42 pkg=com.larus.nova t_boot_ns=8094650000000
08-02 01:01:35.290 I/AnebProbe( 5939): ADAPTER_EVT type=content cls=android.widget.TextView desc=null txt_len=42 pkg=com.larus.nova t_boot_ns=8095290000000
08-02 01:01:36.190 I/AnebProbe( 5939): ADAPTER_EVT type=content cls=android.widget.TextView desc=null txt_len=42 pkg=com.larus.nova t_boot_ns=8096190000000
08-02 01:01:36.250 I/AnebProbe( 5939): ADAPTER_EVT type=content cls=android.widget.TextView desc=null txt_len=42 pkg=com.larus.nova t_boot_ns=8096250000000
08-02 01:01:36.340 I/AnebProbe( 5939): ADAPTER_EVT type=content cls=android.widget.TextView desc=null txt_len=42 pkg=com.larus.nova t_boot_ns=8096340000000
08-02 01:01:36.460 I/AnebProbe( 5939): ADAPTER_EVT type=content cls=android.widget.TextView desc=null txt_len=42 pkg=com.larus.nova t_boot_ns=8096460000000
08-02 01:01:36.660 I/AnebProbe( 5939): ADAPTER_EVT type=content cls=android.widget.TextView desc=null txt_len=42 pkg=com.larus.nova t_boot_ns=8096660000000
08-02 01:01:37.040 I/AnebProbe( 5939): ADAPTER_EVT type=content cls=android.widget.TextView desc=null txt_len=42 pkg=com.larus.nova t_boot_ns=8097040000000
08-02 01:01:37.680 I/AnebProbe( 5939): ADAPTER_EVT type=content cls=android.widget.TextView desc=null txt_len=42 pkg=com.larus.nova t_boot_ns=8097680000000
08-02 01:01:38.580 I/AnebProbe( 5939): ADAPTER_EVT type=content cls=android.widget.TextView desc=null txt_len=42 pkg=com.larus.nova t_boot_ns=8098580000000
08-02 01:01:38.930 I/AnebE4MARK( 6001): E4MARK kind=answer_complete n=6
08-02 01:01:42.930 I/AnebProbe( 5939): ADAPTER_EVT type=content cls=android.widget.TextView desc=null txt_len=42 pkg=com.larus.nova t_boot_ns=8102930000000
08-02 01:01:42.955 I/AnebProbe( 5939): ADAPTER_EVT type=content cls=android.widget.TextView desc=null txt_len=42 pkg=com.larus.nova t_boot_ns=8102955000000
08-02 01:01:42.985 I/AnebProbe( 5939): ADAPTER_EVT type=content cls=android.widget.TextView desc=null txt_len=42 pkg=com.larus.nova t_boot_ns=8102985000000
08-02 01:01:44.885 I/AnebProbe( 5939): ADAPTER_EVT type=content cls=android.widget.TextView desc=null txt_len=42 pkg=com.larus.nova t_boot_ns=8104885000000
08-02 01:01:45.785 I/AnebProbe( 5939): ADAPTER_EVT type=content cls=android.widget.TextView desc=null txt_len=42 pkg=com.larus.nova t_boot_ns=8105785000000
08-02 01:01:45.845 I/AnebProbe( 5939): ADAPTER_EVT type=content cls=android.widget.TextView desc=null txt_len=42 pkg=com.larus.nova t_boot_ns=8105845000000
08-02 01:01:45.935 I/AnebProbe( 5939): ADAPTER_EVT type=content cls=android.widget.TextView desc=null txt_len=42 pkg=com.larus.nova t_boot_ns=8105935000000
08-02 01:01:46.055 I/AnebProbe( 5939): ADAPTER_EVT type=content cls=android.widget.TextView desc=null txt_len=42 pkg=com.larus.nova t_boot_ns=8106055000000
08-02 01:01:46.255 I/AnebProbe( 5939): ADAPTER_EVT type=content cls=android.widget.TextView desc=null txt_len=42 pkg=com.larus.nova t_boot_ns=8106255000000
08-02 01:01:46.635 I/AnebProbe( 5939): ADAPTER_EVT type=content cls=android.widget.TextView desc=null txt_len=42 pkg=com.larus.nova t_boot_ns=8106635000000
08-02 01:01:47.275 I/AnebProbe( 5939): ADAPTER_EVT type=content cls=android.widget.TextView desc=null txt_len=42 pkg=com.larus.nova t_boot_ns=8107275000000
08-02 01:01:48.175 I/AnebProbe( 5939): ADAPTER_EVT type=content cls=android.widget.TextView desc=null txt_len=42 pkg=com.larus.nova t_boot_ns=8108175000000
08-02 01:01:48.235 I/AnebProbe( 5939): ADAPTER_EVT type=content cls=android.widget.TextView desc=null txt_len=42 pkg=com.larus.nova t_boot_ns=8108235000000
08-02 01:01:48.325 I/AnebProbe( 5939): ADAPTER_EVT type=content cls=android.widget.TextView desc=null txt_len=42 pkg=com.larus.nova t_boot_ns=8108325000000
08-02 01:01:48.445 I/AnebProbe( 5939): ADAPTER_EVT type=content cls=android.widget.TextView desc=null txt_len=42 pkg=com.larus.nova t_boot_ns=8108445000000
08-02 01:01:48.645 I/AnebProbe( 5939): ADAPTER_EVT type=content cls=android.widget.TextView desc=null txt_len=42 pkg=com.larus.nova t_boot_ns=8108645000000
08-02 01:01:49.025 I/AnebProbe( 5939): ADAPTER_EVT type=content cls=android.widget.TextView desc=null txt_len=42 pkg=com.larus.nova t_boot_ns=8109025000000
08-02 01:01:49.665 I/AnebProbe( 5939): ADAPTER_EVT type=content cls=android.widget.TextView desc=null txt_len=42 pkg=com.larus.nova t_boot_ns=8109665000000
08-02 01:01:50.565 I/AnebProbe( 5939): ADAPTER_EVT type=content cls=android.widget.TextView desc=null txt_len=42 pkg=com.larus.nova t_boot_ns=8110565000000
08-02 01:01:50.625 I/AnebProbe( 5939): ADAPTER_EVT type=content cls=android.widget.TextView desc=null txt_len=42 pkg=com.larus.nova t_boot_ns=8110625000000
08-02 01:01:50.715 I/AnebProbe( 5939): ADAPTER_EVT type=content cls=android.widget.TextView desc=null txt_len=42 pkg=com.larus.nova t_boot_ns=8110715000000
08-02 01:01:50.835 I/AnebProbe( 5939): ADAPTER_EVT type=content cls=android.widget.TextView desc=null txt_len=42 pkg=com.larus.nova t_boot_ns=8110835000000
08-02 01:01:51.035 I/AnebProbe( 5939): ADAPTER_EVT type=content cls=android.widget.TextView desc=null txt_len=42 pkg=com.larus.nova t_boot_ns=8111035000000
08-02 01:01:51.415 I/AnebProbe( 5939): ADAPTER_EVT type=content cls=android.widget.TextView desc=null txt_len=42 pkg=com.larus.nova t_boot_ns=8111415000000
08-02 01:01:52.055 I/AnebProbe( 5939): ADAPTER_EVT type=content cls=android.widget.TextView desc=null txt_len=42 pkg=com.larus.nova t_boot_ns=8112055000000
08-02 01:01:52.955 I/AnebProbe( 5939): ADAPTER_EVT type=content cls=android.widget.TextView desc=null txt_len=42 pkg=com.larus.nova t_boot_ns=8112955000000
08-02 01:01:53.015 I/AnebProbe( 5939): ADAPTER_EVT type=content cls=android.widget.TextView desc=null txt_len=42 pkg=com.larus.nova t_boot_ns=8113015000000
08-02 01:01:53.105 I/AnebProbe( 5939): ADAPTER_EVT type=content cls=android.widget.TextView desc=null txt_len=42 pkg=com.larus.nova t_boot_ns=8113105000000
08-02 01:01:53.225 I/AnebProbe( 5939): ADAPTER_EVT type=content cls=android.widget.TextView desc=null txt_len=42 pkg=com.larus.nova t_boot_ns=8113225000000
08-02 01:01:53.425 I/AnebProbe( 5939): ADAPTER_EVT type=content cls=android.widget.TextView desc=null txt_len=42 pkg=com.larus.nova t_boot_ns=8113425000000
08-02 01:01:53.805 I/AnebProbe( 5939): ADAPTER_EVT type=content cls=android.widget.TextView desc=null txt_len=42 pkg=com.larus.nova t_boot_ns=8113805000000
08-02 01:01:54.445 I/AnebProbe( 5939): ADAPTER_EVT type=content cls=android.widget.TextView desc=null txt_len=42 pkg=com.larus.nova t_boot_ns=8114445000000
08-02 01:01:55.345 I/AnebProbe( 5939): ADAPTER_EVT type=content cls=android.widget.TextView desc=null txt_len=42 pkg=com.larus.nova t_boot_ns=8115345000000
08-02 01:01:56.245 I/AnebProbe( 5939): ADAPTER_EVT type=content cls=android.widget.TextView desc=null txt_len=42 pkg=com.larus.nova t_boot_ns=8116245000000
08-02 01:01:56.595 I/AnebE4MARK( 6001): E4MARK kind=answer_complete n=7
08-02 01:02:01.895 I/AnebProbe( 5939): ADAPTER_EVT type=content cls=android.widget.TextView desc=null txt_len=42 pkg=com.larus.nova t_boot_ns=8121895000000
08-02 01:02:01.920 I/AnebProbe( 5939): ADAPTER_EVT type=content cls=android.widget.TextView desc=null txt_len=42 pkg=com.larus.nova t_boot_ns=8121920000000
08-02 01:02:01.950 I/AnebProbe( 5939): ADAPTER_EVT type=content cls=android.widget.TextView desc=null txt_len=42 pkg=com.larus.nova t_boot_ns=8121950000000
08-02 01:02:03.850 I/AnebProbe( 5939): ADAPTER_EVT type=content cls=android.widget.TextView desc=null txt_len=42 pkg=com.larus.nova t_boot_ns=8123850000000
08-02 01:02:03.910 I/AnebProbe( 5939): ADAPTER_EVT type=content cls=android.widget.TextView desc=null txt_len=42 pkg=com.larus.nova t_boot_ns=8123910000000
08-02 01:02:04.000 I/AnebProbe( 5939): ADAPTER_EVT type=content cls=android.widget.TextView desc=null txt_len=42 pkg=com.larus.nova t_boot_ns=8124000000000
08-02 01:02:04.120 I/AnebProbe( 5939): ADAPTER_EVT type=content cls=android.widget.TextView desc=null txt_len=42 pkg=com.larus.nova t_boot_ns=8124120000000
08-02 01:02:04.320 I/AnebProbe( 5939): ADAPTER_EVT type=content cls=android.widget.TextView desc=null txt_len=42 pkg=com.larus.nova t_boot_ns=8124320000000
08-02 01:02:04.700 I/AnebProbe( 5939): ADAPTER_EVT type=content cls=android.widget.TextView desc=null txt_len=42 pkg=com.larus.nova t_boot_ns=8124700000000
08-02 01:02:05.340 I/AnebProbe( 5939): ADAPTER_EVT type=content cls=android.widget.TextView desc=null txt_len=42 pkg=com.larus.nova t_boot_ns=8125340000000
08-02 01:02:06.240 I/AnebProbe( 5939): ADAPTER_EVT type=content cls=android.widget.TextView desc=null txt_len=42 pkg=com.larus.nova t_boot_ns=8126240000000
08-02 01:02:06.300 I/AnebProbe( 5939): ADAPTER_EVT type=content cls=android.widget.TextView desc=null txt_len=42 pkg=com.larus.nova t_boot_ns=8126300000000
08-02 01:02:06.390 I/AnebProbe( 5939): ADAPTER_EVT type=content cls=android.widget.TextView desc=null txt_len=42 pkg=com.larus.nova t_boot_ns=8126390000000
08-02 01:02:06.510 I/AnebProbe( 5939): ADAPTER_EVT type=content cls=android.widget.TextView desc=null txt_len=42 pkg=com.larus.nova t_boot_ns=8126510000000
08-02 01:02:06.710 I/AnebProbe( 5939): ADAPTER_EVT type=content cls=android.widget.TextView desc=null txt_len=42 pkg=com.larus.nova t_boot_ns=8126710000000
08-02 01:02:07.090 I/AnebProbe( 5939): ADAPTER_EVT type=content cls=android.widget.TextView desc=null txt_len=42 pkg=com.larus.nova t_boot_ns=8127090000000
08-02 01:02:07.730 I/AnebProbe( 5939): ADAPTER_EVT type=content cls=android.widget.TextView desc=null txt_len=42 pkg=com.larus.nova t_boot_ns=8127730000000
08-02 01:02:08.630 I/AnebProbe( 5939): ADAPTER_EVT type=content cls=android.widget.TextView desc=null txt_len=42 pkg=com.larus.nova t_boot_ns=8128630000000
08-02 01:02:08.690 I/AnebProbe( 5939): ADAPTER_EVT type=content cls=android.widget.TextView desc=null txt_len=42 pkg=com.larus.nova t_boot_ns=8128690000000
08-02 01:02:08.780 I/AnebProbe( 5939): ADAPTER_EVT type=content cls=android.widget.TextView desc=null txt_len=42 pkg=com.larus.nova t_boot_ns=8128780000000
08-02 01:02:08.900 I/AnebProbe( 5939): ADAPTER_EVT type=content cls=android.widget.TextView desc=null txt_len=42 pkg=com.larus.nova t_boot_ns=8128900000000
08-02 01:02:09.100 I/AnebProbe( 5939): ADAPTER_EVT type=content cls=android.widget.TextView desc=null txt_len=42 pkg=com.larus.nova t_boot_ns=8129100000000
08-02 01:02:09.480 I/AnebProbe( 5939): ADAPTER_EVT type=content cls=android.widget.TextView desc=null txt_len=42 pkg=com.larus.nova t_boot_ns=8129480000000
08-02 01:02:10.120 I/AnebProbe( 5939): ADAPTER_EVT type=content cls=android.widget.TextView desc=null txt_len=42 pkg=com.larus.nova t_boot_ns=8130120000000
08-02 01:02:11.020 I/AnebProbe( 5939): ADAPTER_EVT type=content cls=android.widget.TextView desc=null txt_len=42 pkg=com.larus.nova t_boot_ns=8131020000000
08-02 01:02:11.080 I/AnebProbe( 5939): ADAPTER_EVT type=content cls=android.widget.TextView desc=null txt_len=42 pkg=com.larus.nova t_boot_ns=8131080000000
08-02 01:02:11.170 I/AnebProbe( 5939): ADAPTER_EVT type=content cls=android.widget.TextView desc=null txt_len=42 pkg=com.larus.nova t_boot_ns=8131170000000
08-02 01:02:11.290 I/AnebProbe( 5939): ADAPTER_EVT type=content cls=android.widget.TextView desc=null txt_len=42 pkg=com.larus.nova t_boot_ns=8131290000000
08-02 01:02:11.490 I/AnebProbe( 5939): ADAPTER_EVT type=content cls=android.widget.TextView desc=null txt_len=42 pkg=com.larus.nova t_boot_ns=8131490000000
08-02 01:02:11.870 I/AnebProbe( 5939): ADAPTER_EVT type=content cls=android.widget.TextView desc=null txt_len=42 pkg=com.larus.nova t_boot_ns=8131870000000
08-02 01:02:12.510 I/AnebProbe( 5939): ADAPTER_EVT type=content cls=android.widget.TextView desc=null txt_len=42 pkg=com.larus.nova t_boot_ns=8132510000000
08-02 01:02:13.410 I/AnebProbe( 5939): ADAPTER_EVT type=content cls=android.widget.TextView desc=null txt_len=42 pkg=com.larus.nova t_boot_ns=8133410000000
08-02 01:02:13.470 I/AnebProbe( 5939): ADAPTER_EVT type=content cls=android.widget.TextView desc=null txt_len=42 pkg=com.larus.nova t_boot_ns=8133470000000
08-02 01:02:14.370 I/AnebProbe( 5939): ADAPTER_EVT type=content cls=android.widget.TextView desc=null txt_len=42 pkg=com.larus.nova t_boot_ns=8134370000000
08-02 01:02:14.720 I/AnebE4MARK( 6001): E4MARK kind=answer_complete n=8
08-02 01:02:20.520 I/AnebProbe( 5939): ADAPTER_EVT type=content cls=android.widget.TextView desc=null txt_len=42 pkg=com.larus.nova t_boot_ns=8140520000000
08-02 01:02:20.545 I/AnebProbe( 5939): ADAPTER_EVT type=content cls=android.widget.TextView desc=null txt_len=42 pkg=com.larus.nova t_boot_ns=8140545000000
08-02 01:02:20.575 I/AnebProbe( 5939): ADAPTER_EVT type=content cls=android.widget.TextView desc=null txt_len=42 pkg=com.larus.nova t_boot_ns=8140575000000
08-02 01:02:22.475 I/AnebProbe( 5939): ADAPTER_EVT type=content cls=android.widget.TextView desc=null txt_len=42 pkg=com.larus.nova t_boot_ns=8142475000000
08-02 01:02:22.565 I/AnebProbe( 5939): ADAPTER_EVT type=content cls=android.widget.TextView desc=null txt_len=42 pkg=com.larus.nova t_boot_ns=8142565000000
08-02 01:02:22.685 I/AnebProbe( 5939): ADAPTER_EVT type=content cls=android.widget.TextView desc=null txt_len=42 pkg=com.larus.nova t_boot_ns=8142685000000
08-02 01:02:22.885 I/AnebProbe( 5939): ADAPTER_EVT type=content cls=android.widget.TextView desc=null txt_len=42 pkg=com.larus.nova t_boot_ns=8142885000000
08-02 01:02:23.265 I/AnebProbe( 5939): ADAPTER_EVT type=content cls=android.widget.TextView desc=null txt_len=42 pkg=com.larus.nova t_boot_ns=8143265000000
08-02 01:02:23.905 I/AnebProbe( 5939): ADAPTER_EVT type=content cls=android.widget.TextView desc=null txt_len=42 pkg=com.larus.nova t_boot_ns=8143905000000
08-02 01:02:24.805 I/AnebProbe( 5939): ADAPTER_EVT type=content cls=android.widget.TextView desc=null txt_len=42 pkg=com.larus.nova t_boot_ns=8144805000000
08-02 01:02:24.865 I/AnebProbe( 5939): ADAPTER_EVT type=content cls=android.widget.TextView desc=null txt_len=42 pkg=com.larus.nova t_boot_ns=8144865000000
08-02 01:02:24.955 I/AnebProbe( 5939): ADAPTER_EVT type=content cls=android.widget.TextView desc=null txt_len=42 pkg=com.larus.nova t_boot_ns=8144955000000
08-02 01:02:25.075 I/AnebProbe( 5939): ADAPTER_EVT type=content cls=android.widget.TextView desc=null txt_len=42 pkg=com.larus.nova t_boot_ns=8145075000000
08-02 01:02:25.275 I/AnebProbe( 5939): ADAPTER_EVT type=content cls=android.widget.TextView desc=null txt_len=42 pkg=com.larus.nova t_boot_ns=8145275000000
08-02 01:02:25.655 I/AnebProbe( 5939): ADAPTER_EVT type=content cls=android.widget.TextView desc=null txt_len=42 pkg=com.larus.nova t_boot_ns=8145655000000
08-02 01:02:26.295 I/AnebProbe( 5939): ADAPTER_EVT type=content cls=android.widget.TextView desc=null txt_len=42 pkg=com.larus.nova t_boot_ns=8146295000000
08-02 01:02:27.195 I/AnebProbe( 5939): ADAPTER_EVT type=content cls=android.widget.TextView desc=null txt_len=42 pkg=com.larus.nova t_boot_ns=8147195000000
08-02 01:02:27.255 I/AnebProbe( 5939): ADAPTER_EVT type=content cls=android.widget.TextView desc=null txt_len=42 pkg=com.larus.nova t_boot_ns=8147255000000
08-02 01:02:27.345 I/AnebProbe( 5939): ADAPTER_EVT type=content cls=android.widget.TextView desc=null txt_len=42 pkg=com.larus.nova t_boot_ns=8147345000000
08-02 01:02:27.465 I/AnebProbe( 5939): ADAPTER_EVT type=content cls=android.widget.TextView desc=null txt_len=42 pkg=com.larus.nova t_boot_ns=8147465000000
08-02 01:02:27.665 I/AnebProbe( 5939): ADAPTER_EVT type=content cls=android.widget.TextView desc=null txt_len=42 pkg=com.larus.nova t_boot_ns=8147665000000
08-02 01:02:28.045 I/AnebProbe( 5939): ADAPTER_EVT type=content cls=android.widget.TextView desc=null txt_len=42 pkg=com.larus.nova t_boot_ns=8148045000000
08-02 01:02:28.685 I/AnebProbe( 5939): ADAPTER_EVT type=content cls=android.widget.TextView desc=null txt_len=42 pkg=com.larus.nova t_boot_ns=8148685000000
08-02 01:02:29.585 I/AnebProbe( 5939): ADAPTER_EVT type=content cls=android.widget.TextView desc=null txt_len=42 pkg=com.larus.nova t_boot_ns=8149585000000
08-02 01:02:29.645 I/AnebProbe( 5939): ADAPTER_EVT type=content cls=android.widget.TextView desc=null txt_len=42 pkg=com.larus.nova t_boot_ns=8149645000000
08-02 01:02:29.735 I/AnebProbe( 5939): ADAPTER_EVT type=content cls=android.widget.TextView desc=null txt_len=42 pkg=com.larus.nova t_boot_ns=8149735000000
08-02 01:02:29.855 I/AnebProbe( 5939): ADAPTER_EVT type=content cls=android.widget.TextView desc=null txt_len=42 pkg=com.larus.nova t_boot_ns=8149855000000
08-02 01:02:30.055 I/AnebProbe( 5939): ADAPTER_EVT type=content cls=android.widget.TextView desc=null txt_len=42 pkg=com.larus.nova t_boot_ns=8150055000000
08-02 01:02:30.435 I/AnebProbe( 5939): ADAPTER_EVT type=content cls=android.widget.TextView desc=null txt_len=42 pkg=com.larus.nova t_boot_ns=8150435000000
08-02 01:02:31.075 I/AnebProbe( 5939): ADAPTER_EVT type=content cls=android.widget.TextView desc=null txt_len=42 pkg=com.larus.nova t_boot_ns=8151075000000
08-02 01:02:31.975 I/AnebProbe( 5939): ADAPTER_EVT type=content cls=android.widget.TextView desc=null txt_len=42 pkg=com.larus.nova t_boot_ns=8151975000000
08-02 01:02:32.035 I/AnebProbe( 5939): ADAPTER_EVT type=content cls=android.widget.TextView desc=null txt_len=42 pkg=com.larus.nova t_boot_ns=8152035000000
08-02 01:02:32.125 I/AnebProbe( 5939): ADAPTER_EVT type=content cls=android.widget.TextView desc=null txt_len=42 pkg=com.larus.nova t_boot_ns=8152125000000
08-02 01:02:33.025 I/AnebProbe( 5939): ADAPTER_EVT type=content cls=android.widget.TextView desc=null txt_len=42 pkg=com.larus.nova t_boot_ns=8153025000000
08-02 01:02:33.375 I/AnebE4MARK( 6001): E4MARK kind=answer_complete n=9
08-02 01:02:36.175 I/AnebProbe( 5939): ADAPTER_EVT type=content cls=android.widget.TextView desc=null txt_len=42 pkg=com.larus.nova t_boot_ns=8156175000000
08-02 01:02:36.200 I/AnebProbe( 5939): ADAPTER_EVT type=content cls=android.widget.TextView desc=null txt_len=42 pkg=com.larus.nova t_boot_ns=8156200000000
08-02 01:02:36.230 I/AnebProbe( 5939): ADAPTER_EVT type=content cls=android.widget.TextView desc=null txt_len=42 pkg=com.larus.nova t_boot_ns=8156230000000
08-02 01:02:38.130 I/AnebProbe( 5939): ADAPTER_EVT type=content cls=android.widget.TextView desc=null txt_len=42 pkg=com.larus.nova t_boot_ns=8158130000000
08-02 01:02:38.250 I/AnebProbe( 5939): ADAPTER_EVT type=content cls=android.widget.TextView desc=null txt_len=42 pkg=com.larus.nova t_boot_ns=8158250000000
08-02 01:02:38.450 I/AnebProbe( 5939): ADAPTER_EVT type=content cls=android.widget.TextView desc=null txt_len=42 pkg=com.larus.nova t_boot_ns=8158450000000
08-02 01:02:38.830 I/AnebProbe( 5939): ADAPTER_EVT type=content cls=android.widget.TextView desc=null txt_len=42 pkg=com.larus.nova t_boot_ns=8158830000000
08-02 01:02:39.470 I/AnebProbe( 5939): ADAPTER_EVT type=content cls=android.widget.TextView desc=null txt_len=42 pkg=com.larus.nova t_boot_ns=8159470000000
08-02 01:02:40.370 I/AnebProbe( 5939): ADAPTER_EVT type=content cls=android.widget.TextView desc=null txt_len=42 pkg=com.larus.nova t_boot_ns=8160370000000
08-02 01:02:40.430 I/AnebProbe( 5939): ADAPTER_EVT type=content cls=android.widget.TextView desc=null txt_len=42 pkg=com.larus.nova t_boot_ns=8160430000000
08-02 01:02:40.520 I/AnebProbe( 5939): ADAPTER_EVT type=content cls=android.widget.TextView desc=null txt_len=42 pkg=com.larus.nova t_boot_ns=8160520000000
08-02 01:02:40.640 I/AnebProbe( 5939): ADAPTER_EVT type=content cls=android.widget.TextView desc=null txt_len=42 pkg=com.larus.nova t_boot_ns=8160640000000
08-02 01:02:40.840 I/AnebProbe( 5939): ADAPTER_EVT type=content cls=android.widget.TextView desc=null txt_len=42 pkg=com.larus.nova t_boot_ns=8160840000000
08-02 01:02:41.220 I/AnebProbe( 5939): ADAPTER_EVT type=content cls=android.widget.TextView desc=null txt_len=42 pkg=com.larus.nova t_boot_ns=8161220000000
08-02 01:02:41.860 I/AnebProbe( 5939): ADAPTER_EVT type=content cls=android.widget.TextView desc=null txt_len=42 pkg=com.larus.nova t_boot_ns=8161860000000
08-02 01:02:42.760 I/AnebProbe( 5939): ADAPTER_EVT type=content cls=android.widget.TextView desc=null txt_len=42 pkg=com.larus.nova t_boot_ns=8162760000000
08-02 01:02:42.820 I/AnebProbe( 5939): ADAPTER_EVT type=content cls=android.widget.TextView desc=null txt_len=42 pkg=com.larus.nova t_boot_ns=8162820000000
08-02 01:02:42.910 I/AnebProbe( 5939): ADAPTER_EVT type=content cls=android.widget.TextView desc=null txt_len=42 pkg=com.larus.nova t_boot_ns=8162910000000
08-02 01:02:43.030 I/AnebProbe( 5939): ADAPTER_EVT type=content cls=android.widget.TextView desc=null txt_len=42 pkg=com.larus.nova t_boot_ns=8163030000000
08-02 01:02:43.230 I/AnebProbe( 5939): ADAPTER_EVT type=content cls=android.widget.TextView desc=null txt_len=42 pkg=com.larus.nova t_boot_ns=8163230000000
08-02 01:02:43.610 I/AnebProbe( 5939): ADAPTER_EVT type=content cls=android.widget.TextView desc=null txt_len=42 pkg=com.larus.nova t_boot_ns=8163610000000
08-02 01:02:44.250 I/AnebProbe( 5939): ADAPTER_EVT type=content cls=android.widget.TextView desc=null txt_len=42 pkg=com.larus.nova t_boot_ns=8164250000000
08-02 01:02:45.150 I/AnebProbe( 5939): ADAPTER_EVT type=content cls=android.widget.TextView desc=null txt_len=42 pkg=com.larus.nova t_boot_ns=8165150000000
08-02 01:02:45.210 I/AnebProbe( 5939): ADAPTER_EVT type=content cls=android.widget.TextView desc=null txt_len=42 pkg=com.larus.nova t_boot_ns=8165210000000
08-02 01:02:45.300 I/AnebProbe( 5939): ADAPTER_EVT type=content cls=android.widget.TextView desc=null txt_len=42 pkg=com.larus.nova t_boot_ns=8165300000000
08-02 01:02:45.420 I/AnebProbe( 5939): ADAPTER_EVT type=content cls=android.widget.TextView desc=null txt_len=42 pkg=com.larus.nova t_boot_ns=8165420000000
08-02 01:02:45.620 I/AnebProbe( 5939): ADAPTER_EVT type=content cls=android.widget.TextView desc=null txt_len=42 pkg=com.larus.nova t_boot_ns=8165620000000
08-02 01:02:46.000 I/AnebProbe( 5939): ADAPTER_EVT type=content cls=android.widget.TextView desc=null txt_len=42 pkg=com.larus.nova t_boot_ns=8166000000000
08-02 01:02:46.640 I/AnebProbe( 5939): ADAPTER_EVT type=content cls=android.widget.TextView desc=null txt_len=42 pkg=com.larus.nova t_boot_ns=8166640000000
08-02 01:02:47.540 I/AnebProbe( 5939): ADAPTER_EVT type=content cls=android.widget.TextView desc=null txt_len=42 pkg=com.larus.nova t_boot_ns=8167540000000
08-02 01:02:47.600 I/AnebProbe( 5939): ADAPTER_EVT type=content cls=android.widget.TextView desc=null txt_len=42 pkg=com.larus.nova t_boot_ns=8167600000000
08-02 01:02:47.690 I/AnebProbe( 5939): ADAPTER_EVT type=content cls=android.widget.TextView desc=null txt_len=42 pkg=com.larus.nova t_boot_ns=8167690000000
08-02 01:02:47.810 I/AnebProbe( 5939): ADAPTER_EVT type=content cls=android.widget.TextView desc=null txt_len=42 pkg=com.larus.nova t_boot_ns=8167810000000
08-02 01:02:48.710 I/AnebProbe( 5939): ADAPTER_EVT type=content cls=android.widget.TextView desc=null txt_len=42 pkg=com.larus.nova t_boot_ns=8168710000000
08-02 01:02:49.060 I/AnebE4MARK( 6001): E4MARK kind=answer_complete n=10
